Archive member included to satisfy reference by file (symbol)

/home/proxima/Ac6/SystemWorkbench/plugins/fr.ac6.mcu.externaltools.arm-none.linux64_1.17.0.201812190825/tools/compiler/bin/../lib/gcc/arm-none-eabi/7.3.1/thumb/v6-m/libgcc.a(_udivsi3.o)
                              Drivers/STM32F0xx_HAL_Driver/Src/stm32f0xx_hal.o (__aeabi_uidiv)
/home/proxima/Ac6/SystemWorkbench/plugins/fr.ac6.mcu.externaltools.arm-none.linux64_1.17.0.201812190825/tools/compiler/bin/../lib/gcc/arm-none-eabi/7.3.1/thumb/v6-m/libgcc.a(_dvmd_tls.o)
                              /home/proxima/Ac6/SystemWorkbench/plugins/fr.ac6.mcu.externaltools.arm-none.linux64_1.17.0.201812190825/tools/compiler/bin/../lib/gcc/arm-none-eabi/7.3.1/thumb/v6-m/libgcc.a(_udivsi3.o) (__aeabi_idiv0)
/home/proxima/Ac6/SystemWorkbench/plugins/fr.ac6.mcu.externaltools.arm-none.linux64_1.17.0.201812190825/tools/compiler/bin/../lib/gcc/arm-none-eabi/7.3.1/thumb/v6-m/libgcc.a(_arm_cmpsf2.o)
                              Src/inputs.o (__aeabi_fcmple)
/home/proxima/Ac6/SystemWorkbench/plugins/fr.ac6.mcu.externaltools.arm-none.linux64_1.17.0.201812190825/tools/compiler/bin/../lib/gcc/arm-none-eabi/7.3.1/thumb/v6-m/libgcc.a(_fixunssfsi.o)
                              Src/main.o (__aeabi_f2uiz)
/home/proxima/Ac6/SystemWorkbench/plugins/fr.ac6.mcu.externaltools.arm-none.linux64_1.17.0.201812190825/tools/compiler/bin/../lib/gcc/arm-none-eabi/7.3.1/thumb/v6-m/libgcc.a(addsf3.o)
                              Src/inputs.o (__aeabi_fadd)
/home/proxima/Ac6/SystemWorkbench/plugins/fr.ac6.mcu.externaltools.arm-none.linux64_1.17.0.201812190825/tools/compiler/bin/../lib/gcc/arm-none-eabi/7.3.1/thumb/v6-m/libgcc.a(divsf3.o)
                              Src/inputs.o (__aeabi_fdiv)
/home/proxima/Ac6/SystemWorkbench/plugins/fr.ac6.mcu.externaltools.arm-none.linux64_1.17.0.201812190825/tools/compiler/bin/../lib/gcc/arm-none-eabi/7.3.1/thumb/v6-m/libgcc.a(eqsf2.o)
                              /home/proxima/Ac6/SystemWorkbench/plugins/fr.ac6.mcu.externaltools.arm-none.linux64_1.17.0.201812190825/tools/compiler/bin/../lib/gcc/arm-none-eabi/7.3.1/thumb/v6-m/libgcc.a(_arm_cmpsf2.o) (__eqsf2)
/home/proxima/Ac6/SystemWorkbench/plugins/fr.ac6.mcu.externaltools.arm-none.linux64_1.17.0.201812190825/tools/compiler/bin/../lib/gcc/arm-none-eabi/7.3.1/thumb/v6-m/libgcc.a(gesf2.o)
                              /home/proxima/Ac6/SystemWorkbench/plugins/fr.ac6.mcu.externaltools.arm-none.linux64_1.17.0.201812190825/tools/compiler/bin/../lib/gcc/arm-none-eabi/7.3.1/thumb/v6-m/libgcc.a(_arm_cmpsf2.o) (__gesf2)
/home/proxima/Ac6/SystemWorkbench/plugins/fr.ac6.mcu.externaltools.arm-none.linux64_1.17.0.201812190825/tools/compiler/bin/../lib/gcc/arm-none-eabi/7.3.1/thumb/v6-m/libgcc.a(lesf2.o)
                              /home/proxima/Ac6/SystemWorkbench/plugins/fr.ac6.mcu.externaltools.arm-none.linux64_1.17.0.201812190825/tools/compiler/bin/../lib/gcc/arm-none-eabi/7.3.1/thumb/v6-m/libgcc.a(_arm_cmpsf2.o) (__lesf2)
/home/proxima/Ac6/SystemWorkbench/plugins/fr.ac6.mcu.externaltools.arm-none.linux64_1.17.0.201812190825/tools/compiler/bin/../lib/gcc/arm-none-eabi/7.3.1/thumb/v6-m/libgcc.a(mulsf3.o)
                              Src/frame_parser.o (__aeabi_fmul)
/home/proxima/Ac6/SystemWorkbench/plugins/fr.ac6.mcu.externaltools.arm-none.linux64_1.17.0.201812190825/tools/compiler/bin/../lib/gcc/arm-none-eabi/7.3.1/thumb/v6-m/libgcc.a(subsf3.o)
                              Src/inputs.o (__aeabi_fsub)
/home/proxima/Ac6/SystemWorkbench/plugins/fr.ac6.mcu.externaltools.arm-none.linux64_1.17.0.201812190825/tools/compiler/bin/../lib/gcc/arm-none-eabi/7.3.1/thumb/v6-m/libgcc.a(fixsfsi.o)
                              Src/frame_parser.o (__aeabi_f2iz)
/home/proxima/Ac6/SystemWorkbench/plugins/fr.ac6.mcu.externaltools.arm-none.linux64_1.17.0.201812190825/tools/compiler/bin/../lib/gcc/arm-none-eabi/7.3.1/thumb/v6-m/libgcc.a(floatunsisf.o)
                              Src/inputs.o (__aeabi_ui2f)
/home/proxima/Ac6/SystemWorkbench/plugins/fr.ac6.mcu.externaltools.arm-none.linux64_1.17.0.201812190825/tools/compiler/bin/../lib/gcc/arm-none-eabi/7.3.1/thumb/v6-m/libgcc.a(extendsfdf2.o)
                              Src/lcd.o (__aeabi_f2d)
/home/proxima/Ac6/SystemWorkbench/plugins/fr.ac6.mcu.externaltools.arm-none.linux64_1.17.0.201812190825/tools/compiler/bin/../lib/gcc/arm-none-eabi/7.3.1/thumb/v6-m/libgcc.a(_clzsi2.o)
                              /home/proxima/Ac6/SystemWorkbench/plugins/fr.ac6.mcu.externaltools.arm-none.linux64_1.17.0.201812190825/tools/compiler/bin/../lib/gcc/arm-none-eabi/7.3.1/thumb/v6-m/libgcc.a(addsf3.o) (__clzsi2)
/home/proxima/Ac6/SystemWorkbench/plugins/fr.ac6.mcu.externaltools.arm-none.linux64_1.17.0.201812190825/tools/compiler/bin/../lib/gcc/arm-none-eabi/7.3.1/../../../../arm-none-eabi/lib/thumb/v6-m/libc_nano.a(lib_a-exit.o)
[...]
Memory Configuration

Name             Origin             Length             Attributes
RAM              0x0000000020000000 0x0000000000001800 xrw
FLASH            0x0000000008000000 0x0000000000008000 xr
*default*        0x0000000000000000 0xffffffffffffffff

Linker script and memory map

LOAD /home/proxima/Ac6/SystemWorkbench/plugins/fr.ac6.mcu.externaltools.arm-none.linux64_1.17.0.201812190825/tools/compiler/bin/../lib/gcc/arm-none-eabi/7.3.1/thumb/v6-m/crti.o
LOAD /home/proxima/Ac6/SystemWorkbench/plugins/fr.ac6.mcu.externaltools.arm-none.linux64_1.17.0.201812190825/tools/compiler/bin/../lib/gcc/arm-none-eabi/7.3.1/thumb/v6-m/crtbegin.o
LOAD /home/proxima/Ac6/SystemWorkbench/plugins/fr.ac6.mcu.externaltools.arm-none.linux64_1.17.0.201812190825/tools/compiler/bin/../lib/gcc/arm-none-eabi/7.3.1/../../../../arm-none-eabi/lib/thumb/v6-m/crt0.o
LOAD Drivers/STM32F0xx_HAL_Driver/Src/stm32f0xx_hal.o
LOAD Drivers/STM32F0xx_HAL_Driver/Src/stm32f0xx_hal_cortex.o
LOAD Drivers/STM32F0xx_HAL_Driver/Src/stm32f0xx_hal_dma.o
LOAD Drivers/STM32F0xx_HAL_Driver/Src/stm32f0xx_hal_flash.o
LOAD Drivers/STM32F0xx_HAL_Driver/Src/stm32f0xx_hal_flash_ex.o
LOAD Drivers/STM32F0xx_HAL_Driver/Src/stm32f0xx_hal_gpio.o
LOAD Drivers/STM32F0xx_HAL_Driver/Src/stm32f0xx_hal_i2c.o
LOAD Drivers/STM32F0xx_HAL_Driver/Src/stm32f0xx_hal_i2c_ex.o
LOAD Drivers/STM32F0xx_HAL_Driver/Src/stm32f0xx_hal_pwr.o
LOAD Drivers/STM32F0xx_HAL_Driver/Src/stm32f0xx_hal_pwr_ex.o
LOAD Drivers/STM32F0xx_HAL_Driver/Src/stm32f0xx_hal_rcc.o
LOAD Drivers/STM32F0xx_HAL_Driver/Src/stm32f0xx_hal_rcc_ex.o
LOAD Drivers/STM32F0xx_HAL_Driver/Src/stm32f0xx_hal_tim.o
LOAD Drivers/STM32F0xx_HAL_Driver/Src/stm32f0xx_hal_tim_ex.o
LOAD Drivers/STM32F0xx_HAL_Driver/Src/stm32f0xx_hal_uart.o
LOAD Drivers/STM32F0xx_HAL_Driver/Src/stm32f0xx_hal_uart_ex.o
LOAD Drivers/STM32F0xx_HAL_Driver/Src/stm32f0xx_ll_adc.o
LOAD Drivers/STM32F0xx_HAL_Driver/Src/stm32f0xx_ll_dma.o
LOAD Drivers/STM32F0xx_HAL_Driver/Src/stm32f0xx_ll_exti.o
LOAD Drivers/STM32F0xx_HAL_Driver/Src/stm32f0xx_ll_gpio.o
LOAD Drivers/STM32F0xx_HAL_Driver/Src/stm32f0xx_ll_rcc.o
LOAD Drivers/STM32F0xx_HAL_Driver/Src/stm32f0xx_ll_tim.o
LOAD Drivers/STM32F0xx_HAL_Driver/Src/stm32f0xx_ll_utils.o
LOAD Src/frame_parser.o
LOAD Src/inputs.o
LOAD Src/lcd.o
LOAD Src/main.o
LOAD Src/rs485.o
LOAD Src/stm32f0xx_hal_msp.o
LOAD Src/stm32f0xx_it.o
LOAD Src/system_stm32f0xx.o
LOAD startup/startup_stm32f042x6.o
LOAD /home/proxima/Ac6/SystemWorkbench/plugins/fr.ac6.mcu.externaltools.arm-none.linux64_1.17.0.201812190825/tools/compiler/bin/../lib/gcc/arm-none-eabi/7.3.1/../../../../arm-none-eabi/lib/thumb/v6-m/libm.a
START GROUP
LOAD /home/proxima/Ac6/SystemWorkbench/plugins/fr.ac6.mcu.externaltools.arm-none.linux64_1.17.0.201812190825/tools/compiler/bin/../lib/gcc/arm-none-eabi/7.3.1/thumb/v6-m/libgcc.a
LOAD /home/proxima/Ac6/SystemWorkbench/plugins/fr.ac6.mcu.externaltools.arm-none.linux64_1.17.0.201812190825/tools/compiler/bin/../lib/gcc/arm-none-eabi/7.3.1/../../../../arm-none-eabi/lib/thumb/v6-m/libc_nano.a
END GROUP
START GROUP
LOAD /home/proxima/Ac6/SystemWorkbench/plugins/fr.ac6.mcu.externaltools.arm-none.linux64_1.17.0.201812190825/tools/compiler/bin/../lib/gcc/arm-none-eabi/7.3.1/thumb/v6-m/libgcc.a
LOAD /home/proxima/Ac6/SystemWorkbench/plugins/fr.ac6.mcu.externaltools.arm-none.linux64_1.17.0.201812190825/tools/compiler/bin/../lib/gcc/arm-none-eabi/7.3.1/../../../../arm-none-eabi/lib/thumb/v6-m/libc_nano.a
LOAD /home/proxima/Ac6/SystemWorkbench/plugins/fr.ac6.mcu.externaltools.arm-none.linux64_1.17.0.201812190825/tools/compiler/bin/../lib/gcc/arm-none-eabi/7.3.1/../../../../arm-none-eabi/lib/thumb/v6-m/libnosys.a
END GROUP
START GROUP
LOAD /home/proxima/Ac6/SystemWorkbench/plugins/fr.ac6.mcu.externaltools.arm-none.linux64_1.17.0.201812190825/tools/compiler/bin/../lib/gcc/arm-none-eabi/7.3.1/thumb/v6-m/libgcc.a
LOAD /home/proxima/Ac6/SystemWorkbench/plugins/fr.ac6.mcu.externaltools.arm-none.linux64_1.17.0.201812190825/tools/compiler/bin/../lib/gcc/arm-none-eabi/7.3.1/../../../../arm-none-eabi/lib/thumb/v6-m/libc_nano.a
LOAD /home/proxima/Ac6/SystemWorkbench/plugins/fr.ac6.mcu.externaltools.arm-none.linux64_1.17.0.201812190825/tools/compiler/bin/../lib/gcc/arm-none-eabi/7.3.1/../../../../arm-none-eabi/lib/thumb/v6-m/libnosys.a
END GROUP
LOAD /home/proxima/Ac6/SystemWorkbench/plugins/fr.ac6.mcu.externaltools.arm-none.linux64_1.17.0.201812190825/tools/compiler/bin/../lib/gcc/arm-none-eabi/7.3.1/thumb/v6-m/crtend.o
LOAD /home/proxima/Ac6/SystemWorkbench/plugins/fr.ac6.mcu.externaltools.arm-none.linux64_1.17.0.201812190825/tools/compiler/bin/../lib/gcc/arm-none-eabi/7.3.1/thumb/v6-m/crtn.o
                0x0000000020001800                _estack = 0x20001800
                0x0000000000000200                _Min_Heap_Size = 0x200
                0x0000000000000400                _Min_Stack_Size = 0x400

.isr_vector     0x0000000008000000       0xc0
                0x0000000008000000                . = ALIGN (0x4)
 *(.isr_vector)
 .isr_vector    0x0000000008000000       0xc0 startup/startup_stm32f042x6.o
                0x0000000008000000                g_pfnVectors
                0x00000000080000c0                . = ALIGN (0x4)

.text           0x00000000080000c0     0x7218
                0x00000000080000c0                . = ALIGN (0x4)
 *(.text)
 .text          0x00000000080000c0       0x48 /home/proxima/Ac6/SystemWorkbench/plugins/fr.ac6.mcu.externaltools.arm-none.linux64_1.17.0.201812190825/tools/compiler/bin/../lib/gcc/arm-none-eabi/7.3.1/thumb/v6-m/crtbegin.o
 .text          0x0000000008000108      0x114 /home/proxima/Ac6/SystemWorkbench/plugins/fr.ac6.mcu.externaltools.arm-none.linux64_1.17.0.201812190825/tools/compiler/bin/../lib/gcc/arm-none-eabi/7.3.1/thumb/v6-m/libgcc.a(_udivsi3.o)
                0x0000000008000108                __udivsi3
                0x0000000008000108                __aeabi_uidiv
                0x0000000008000214                __aeabi_uidivmod
 .text          0x000000000800021c        0x4 /home/proxima/Ac6/SystemWorkbench/plugins/fr.ac6.mcu.externaltools.arm-none.linux64_1.17.0.201812190825/tools/compiler/bin/../lib/gcc/arm-none-eabi/7.3.1/thumb/v6-m/libgcc.a(_dvmd_tls.o)
                0x000000000800021c                __aeabi_ldiv0
                0x000000000800021c                __aeabi_idiv0
 .text          0x0000000008000220       0x74 /home/proxima/Ac6/SystemWorkbench/plugins/fr.ac6.mcu.externaltools.arm-none.linux64_1.17.0.201812190825/tools/compiler/bin/../lib/gcc/arm-none-eabi/7.3.1/thumb/v6-m/libgcc.a(_arm_cmpsf2.o)
                0x0000000008000220                __aeabi_cfrcmple
                0x0000000008000228                __aeabi_cfcmple
                0x0000000008000228                __aeabi_cfcmpeq
                0x0000000008000238                __aeabi_fcmpeq
                0x0000000008000244                __aeabi_fcmplt
                0x0000000008000258                __aeabi_fcmple
                0x000000000800026c                __aeabi_fcmpgt
                0x0000000008000280                __aeabi_fcmpge
 .text          0x0000000008000294       0x30 /home/proxima/Ac6/SystemWorkbench/plugins/fr.ac6.mcu.externaltools.arm-none.linux64_1.17.0.201812190825/tools/compiler/bin/../lib/gcc/arm-none-eabi/7.3.1/thumb/v6-m/libgcc.a(_fixunssfsi.o)
                0x0000000008000294                __aeabi_f2uiz
                0x0000000008000294                __fixunssfsi
 .text          0x00000000080002c4      0x334 /home/proxima/Ac6/SystemWorkbench/plugins/fr.ac6.mcu.externaltools.arm-none.linux64_1.17.0.201812190825/tools/compiler/bin/../lib/gcc/arm-none-eabi/7.3.1/thumb/v6-m/libgcc.a(addsf3.o)
                0x00000000080002c4                __aeabi_fadd
 .text          0x00000000080005f8      0x224 /home/proxima/Ac6/SystemWorkbench/plugins/fr.ac6.mcu.externaltools.arm-none.linux64_1.17.0.201812190825/tools/compiler/bin/../lib/gcc/arm-none-eabi/7.3.1/thumb/v6-m/libgcc.a(divsf3.o)
                0x00000000080005f8                __aeabi_fdiv
 .text          0x000000000800081c       0x50 /home/proxima/Ac6/SystemWorkbench/plugins/fr.ac6.mcu.externaltools.arm-none.linux64_1.17.0.201812190825/tools/compiler/bin/../lib/gcc/arm-none-eabi/7.3.1/thumb/v6-m/libgcc.a(eqsf2.o)
                0x000000000800081c                __nesf2
                0x000000000800081c                __eqsf2
 .text          0x000000000800086c       0x9c /home/proxima/Ac6/SystemWorkbench/plugins/fr.ac6.mcu.externaltools.arm-none.linux64_1.17.0.201812190825/tools/compiler/bin/../lib/gcc/arm-none-eabi/7.3.1/thumb/v6-m/libgcc.a(gesf2.o)
                0x000000000800086c                __gtsf2
                0x000000000800086c                __gesf2
 .text          0x0000000008000908       0xa0 /home/proxima/Ac6/SystemWorkbench/plugins/fr.ac6.mcu.externaltools.arm-none.linux64_1.17.0.201812190825/tools/compiler/bin/../lib/gcc/arm-none-eabi/7.3.1/thumb/v6-m/libgcc.a(lesf2.o)
                0x0000000008000908                __lesf2
                0x0000000008000908                __ltsf2
 .text          0x00000000080009a8      0x264 /home/proxima/Ac6/SystemWorkbench/plugins/fr.ac6.mcu.externaltools.arm-none.linux64_1.17.0.201812190825/tools/compiler/bin/../lib/gcc/arm-none-eabi/7.3.1/thumb/v6-m/libgcc.a(mulsf3.o)
                0x00000000080009a8                __aeabi_fmul
 .text          0x0000000008000c0c      0x388 /home/proxima/Ac6/SystemWorkbench/plugins/fr.ac6.mcu.externaltools.arm-none.linux64_1.17.0.201812190825/tools/compiler/bin/../lib/gcc/arm-none-eabi/7.3.1/thumb/v6-m/libgcc.a(subsf3.o)
                0x0000000008000c0c                __aeabi_fsub
 .text          0x0000000008000f94       0x40 /home/proxima/Ac6/SystemWorkbench/plugins/fr.ac6.mcu.externaltools.arm-none.linux64_1.17.0.201812190825/tools/compiler/bin/../lib/gcc/arm-none-eabi/7.3.1/thumb/v6-m/libgcc.a(fixsfsi.o)
                0x0000000008000f94                __aeabi_f2iz
 .text          0x0000000008000fd4       0x80 /home/proxima/Ac6/SystemWorkbench/plugins/fr.ac6.mcu.externaltools.arm-none.linux64_1.17.0.201812190825/tools/compiler/bin/../lib/gcc/arm-none-eabi/7.3.1/thumb/v6-m/libgcc.a(floatunsisf.o)
                0x0000000008000fd4                __aeabi_ui2f
 .text          0x0000000008001054       0x3c /home/proxima/Ac6/SystemWorkbench/plugins/fr.ac6.mcu.externaltools.arm-none.linux64_1.17.0.201812190825/tools/compiler/bin/../lib/gcc/arm-none-eabi/7.3.1/thumb/v6-m/libgcc.a(_clzsi2.o)
                0x0000000008001054                __clzsi2
 .text          0x0000000008001090        0xe /home/proxima/Ac6/SystemWorkbench/plugins/fr.ac6.mcu.externaltools.arm-none.linux64_1.17.0.201812190825/tools/compiler/bin/../lib/gcc/arm-none-eabi/7.3.1/../../../../arm-none-eabi/lib/thumb/v6-m/libc_nano.a(lib_a-strlen.o)
                0x0000000008001090                strlen
 *fill*         0x000000000800109e        0x2 
 .text          0x00000000080010a0       0x14 /home/proxima/Ac6/SystemWorkbench/plugins/fr.ac6.mcu.externaltools.arm-none.linux64_1.17.0.201812190825/tools/compiler/bin/../lib/gcc/arm-none-eabi/7.3.1/thumb/v6-m/libgcc.a(_thumb1_case_uqi.o)
                0x00000000080010a0                __gnu_thumb1_case_uqi
 .text          0x00000000080010b4      0x1d4 /home/proxima/Ac6/SystemWorkbench/plugins/fr.ac6.mcu.externaltools.arm-none.linux64_1.17.0.201812190825/tools/compiler/bin/../lib/gcc/arm-none-eabi/7.3.1/thumb/v6-m/libgcc.a(_divsi3.o)
                0x00000000080010b4                __aeabi_idiv
                0x00000000080010b4                __divsi3
                0x0000000008001280                __aeabi_idivmod
 .text          0x0000000008001288       0x7c /home/proxima/Ac6/SystemWorkbench/plugins/fr.ac6.mcu.externaltools.arm-none.linux64_1.17.0.201812190825/tools/compiler/bin/../lib/gcc/arm-none-eabi/7.3.1/thumb/v6-m/libgcc.a(_arm_cmpdf2.o)
                0x0000000008001288                __aeabi_cdrcmple
                0x0000000008001298                __aeabi_cdcmple
                0x0000000008001298                __aeabi_cdcmpeq
                0x00000000080012a8                __aeabi_dcmpeq
                0x00000000080012b4                __aeabi_dcmplt
                0x00000000080012c8                __aeabi_dcmple
                0x00000000080012dc                __aeabi_dcmpgt
                0x00000000080012f0                __aeabi_dcmpge
 .text          0x0000000008001304      0x638 /home/proxima/Ac6/SystemWorkbench/plugins/fr.ac6.mcu.externaltools.arm-none.linux64_1.17.0.201812190825/tools/compiler/bin/../lib/gcc/arm-none-eabi/7.3.1/thumb/v6-m/libgcc.a(adddf3.o)
                0x0000000008001304                __aeabi_dadd
 .text          0x000000000800193c      0x604 /home/proxima/Ac6/SystemWorkbench/plugins/fr.ac6.mcu.externaltools.arm-none.linux64_1.17.0.201812190825/tools/compiler/bin/../lib/gcc/arm-none-eabi/7.3.1/thumb/v6-m/libgcc.a(divdf3.o)
                0x000000000800193c                __aeabi_ddiv
 .text          0x0000000008001f40       0x78 /home/proxima/Ac6/SystemWorkbench/plugins/fr.ac6.mcu.externaltools.arm-none.linux64_1.17.0.201812190825/tools/compiler/bin/../lib/gcc/arm-none-eabi/7.3.1/thumb/v6-m/libgcc.a(eqdf2.o)
                0x0000000008001f40                __eqdf2
                0x0000000008001f40                __nedf2
 .text          0x0000000008001fb8       0xc8 /home/proxima/Ac6/SystemWorkbench/plugins/fr.ac6.mcu.externaltools.arm-none.linux64_1.17.0.201812190825/tools/compiler/bin/../lib/gcc/arm-none-eabi/7.3.1/thumb/v6-m/libgcc.a(gedf2.o)
                0x0000000008001fb8                __gtdf2
                0x0000000008001fb8                __gedf2
 .text          0x0000000008002080       0xd0 /home/proxima/Ac6/SystemWorkbench/plugins/fr.ac6.mcu.externaltools.arm-none.linux64_1.17.0.201812190825/tools/compiler/bin/../lib/gcc/arm-none-eabi/7.3.1/thumb/v6-m/libgcc.a(ledf2.o)
                0x0000000008002080                __ltdf2
                0x0000000008002080                __ledf2
 .text          0x0000000008002150      0x4e4 /home/proxima/Ac6/SystemWorkbench/plugins/fr.ac6.mcu.externaltools.arm-none.linux64_1.17.0.201812190825/tools/compiler/bin/../lib/gcc/arm-none-eabi/7.3.1/thumb/v6-m/libgcc.a(muldf3.o)
                0x0000000008002150                __aeabi_dmul
 .text          0x0000000008002634      0x690 /home/proxima/Ac6/SystemWorkbench/plugins/fr.ac6.mcu.externaltools.arm-none.linux64_1.17.0.201812190825/tools/compiler/bin/../lib/gcc/arm-none-eabi/7.3.1/thumb/v6-m/libgcc.a(subdf3.o)
                0x0000000008002634                __aeabi_dsub
 .text          0x0000000008002cc4       0x38 /home/proxima/Ac6/SystemWorkbench/plugins/fr.ac6.mcu.externaltools.arm-none.linux64_1.17.0.201812190825/tools/compiler/bin/../lib/gcc/arm-none-eabi/7.3.1/thumb/v6-m/libgcc.a(unorddf2.o)
                0x0000000008002cc4                __aeabi_dcmpun
 .text          0x0000000008002cfc       0x6c /home/proxima/Ac6/SystemWorkbench/plugins/fr.ac6.mcu.externaltools.arm-none.linux64_1.17.0.201812190825/tools/compiler/bin/../lib/gcc/arm-none-eabi/7.3.1/thumb/v6-m/libgcc.a(fixdfsi.o)
                0x0000000008002cfc                __aeabi_d2iz
 .text          0x0000000008002d68       0x74 /home/proxima/Ac6/SystemWorkbench/plugins/fr.ac6.mcu.externaltools.arm-none.linux64_1.17.0.201812190825/tools/compiler/bin/../lib/gcc/arm-none-eabi/7.3.1/thumb/v6-m/libgcc.a(floatsidf.o)
                0x0000000008002d68                __aeabi_i2d
 .text          0x0000000008002ddc       0x64 /home/proxima/Ac6/SystemWorkbench/plugins/fr.ac6.mcu.externaltools.arm-none.linux64_1.17.0.201812190825/tools/compiler/bin/../lib/gcc/arm-none-eabi/7.3.1/thumb/v6-m/libgcc.a(floatunsidf.o)
                0x0000000008002ddc                __aeabi_ui2d
 *(.text*)
 .text.HAL_InitTick
                0x0000000008002e40       0x24 Drivers/STM32F0xx_HAL_Driver/Src/stm32f0xx_hal.o
                0x0000000008002e40                HAL_InitTick
 .text.HAL_Init
                0x0000000008002e64       0x20 Drivers/STM32F0xx_HAL_Driver/Src/stm32f0xx_hal.o
                0x0000000008002e64                HAL_Init
 .text.HAL_IncTick
                0x0000000008002e84       0x10 Drivers/STM32F0xx_HAL_Driver/Src/stm32f0xx_hal.o
                0x0000000008002e84                HAL_IncTick
 .text.HAL_GetTick
                0x0000000008002e94        0xc Drivers/STM32F0xx_HAL_Driver/Src/stm32f0xx_hal.o
                0x0000000008002e94                HAL_GetTick
 .text.HAL_Delay
                0x0000000008002ea0       0x22 Drivers/STM32F0xx_HAL_Driver/Src/stm32f0xx_hal.o
                0x0000000008002ea0                HAL_Delay
 *fill*         0x0000000008002ec2        0x2 
 .text.HAL_NVIC_SetPriority
                0x0000000008002ec4       0x60 Drivers/STM32F0xx_HAL_Driver/Src/stm32f0xx_hal_cortex.o
                0x0000000008002ec4                HAL_NVIC_SetPriority
 .text.HAL_SYSTICK_Config
                0x0000000008002f24       0x38 Drivers/STM32F0xx_HAL_Driver/Src/stm32f0xx_hal_cortex.o
                0x0000000008002f24                HAL_SYSTICK_Config
 .text.HAL_GPIO_Init
                0x0000000008002f5c      0x180 Drivers/STM32F0xx_HAL_Driver/Src/stm32f0xx_hal_gpio.o
                0x0000000008002f5c                HAL_GPIO_Init
 .text.HAL_RCC_OscConfig
                0x00000000080030dc      0x4fc Drivers/STM32F0xx_HAL_Driver/Src/stm32f0xx_hal_rcc.o
                0x00000000080030dc                HAL_RCC_OscConfig
 .text.HAL_RCC_GetSysClockFreq
                0x00000000080035d8       0x94 Drivers/STM32F0xx_HAL_Driver/Src/stm32f0xx_hal_rcc.o
                0x00000000080035d8                HAL_RCC_GetSysClockFreq
 .text.HAL_RCC_ClockConfig
                0x000000000800366c      0x184 Drivers/STM32F0xx_HAL_Driver/Src/stm32f0xx_hal_rcc.o
                0x000000000800366c                HAL_RCC_ClockConfig
 .text.HAL_RCC_GetHCLKFreq
                0x00000000080037f0        0xc Drivers/STM32F0xx_HAL_Driver/Src/stm32f0xx_hal_rcc.o
                0x00000000080037f0                HAL_RCC_GetHCLKFreq
 .text.HAL_RCC_GetPCLK1Freq
                0x00000000080037fc       0x20 Drivers/STM32F0xx_HAL_Driver/Src/stm32f0xx_hal_rcc.o
                0x00000000080037fc                HAL_RCC_GetPCLK1Freq
 .text.HAL_RCCEx_PeriphCLKConfig
                0x000000000800381c      0x140 Drivers/STM32F0xx_HAL_Driver/Src/stm32f0xx_hal_rcc_ex.o
                0x000000000800381c                HAL_RCCEx_PeriphCLKConfig
 .text.UART_SetConfig
                0x000000000800395c      0x1b8 Drivers/STM32F0xx_HAL_Driver/Src/stm32f0xx_hal_uart.o
                0x000000000800395c                UART_SetConfig
 .text.UART_AdvFeatureConfig
                0x0000000008003b14       0xe0 Drivers/STM32F0xx_HAL_Driver/Src/stm32f0xx_hal_uart.o
                0x0000000008003b14                UART_AdvFeatureConfig
 .text.UART_WaitOnFlagUntilTimeout
                0x0000000008003bf4       0x6c Drivers/STM32F0xx_HAL_Driver/Src/stm32f0xx_hal_uart.o
                0x0000000008003bf4                UART_WaitOnFlagUntilTimeout
 .text.HAL_UART_Transmit
                0x0000000008003c60       0xe2 Drivers/STM32F0xx_HAL_Driver/Src/stm32f0xx_hal_uart.o
                0x0000000008003c60                HAL_UART_Transmit
 *fill*         0x0000000008003d42        0x2 
 .text.HAL_UART_Receive
                0x0000000008003d44      0x138 Drivers/STM32F0xx_HAL_Driver/Src/stm32f0xx_hal_uart.o
                0x0000000008003d44                HAL_UART_Receive
 .text.UART_CheckIdleState
                0x0000000008003e7c       0x78 Drivers/STM32F0xx_HAL_Driver/Src/stm32f0xx_hal_uart.o
                0x0000000008003e7c                UART_CheckIdleState
 .text.HAL_UART_Init
                0x0000000008003ef4       0x70 Drivers/STM32F0xx_HAL_Driver/Src/stm32f0xx_hal_uart.o
                0x0000000008003ef4                HAL_UART_Init
 .text.LL_ADC_Init
                0x0000000008003f64       0x28 Drivers/STM32F0xx_HAL_Driver/Src/stm32f0xx_ll_adc.o
                0x0000000008003f64                LL_ADC_Init
 .text.LL_ADC_REG_Init
                0x0000000008003f8c       0x30 Drivers/STM32F0xx_HAL_Driver/Src/stm32f0xx_ll_adc.o
                0x0000000008003f8c                LL_ADC_REG_Init
 .text.LL_GPIO_Init
                0x0000000008003fbc       0xa6 Drivers/STM32F0xx_HAL_Driver/Src/stm32f0xx_ll_gpio.o
                0x0000000008003fbc                LL_GPIO_Init
 *fill*         0x0000000008004062        0x2 
 .text.LL_TIM_Init
                0x0000000008004064       0x90 Drivers/STM32F0xx_HAL_Driver/Src/stm32f0xx_ll_tim.o
                0x0000000008004064                LL_TIM_Init
 .text.LL_mDelay
                0x00000000080040f4       0x28 Drivers/STM32F0xx_HAL_Driver/Src/stm32f0xx_ll_utils.o
                0x00000000080040f4                LL_mDelay
 .text.frame_GetHeaderSum
                0x000000000800411c        0xa Src/frame_parser.o
                0x000000000800411c                frame_GetHeaderSum
 .text.frame_GetDataSum
                0x0000000008004126       0x1a Src/frame_parser.o
                0x0000000008004126                frame_GetDataSum
 .text.Parser_CreateControlFrame
                0x0000000008004140       0x5c Src/frame_parser.o
                0x0000000008004140                Parser_CreateControlFrame
 .text.Parser_CreateTxBuffer
                0x000000000800419c       0x9e Src/frame_parser.o
                0x000000000800419c                Parser_CreateTxBuffer
 *fill*         0x000000000800423a        0x2 
 .text.pots_start
                0x000000000800423c       0x48 Src/inputs.o
                0x000000000800423c                pots_start
 .text.pots_filter
                0x0000000008004284       0x44 Src/inputs.o
                0x0000000008004284                pots_filter
 .text.read_buttons
                0x00000000080042c8       0x1a Src/inputs.o
                0x00000000080042c8                read_buttons
 .text._map     0x00000000080042e2       0x5a Src/inputs.o
                0x00000000080042e2                _map
 .text.calculate_axis
                0x000000000800433c       0x78 Src/inputs.o
                0x000000000800433c                calculate_axis
 .text.pots_zero
                0x00000000080043b4       0x12 Src/inputs.o
                0x00000000080043b4                pots_zero
 *fill*         0x00000000080043c6        0x2 
 .text.LCD1602_RS
                0x00000000080043c8       0x18 Src/lcd.o
 .text.us_delay
                0x00000000080043e0       0x30 Src/lcd.o
                0x00000000080043e0                us_delay
 .text.LCD1602_EnablePulse
                0x0000000008004410       0x1c Src/lcd.o
 .text.write_pin
                0x000000000800442c        0xc Src/lcd.o
                0x000000000800442c                write_pin
 .text.LCD1602_write
                0x0000000008004438       0xb4 Src/lcd.o
 .text.LCD1602_writeCommand
                0x00000000080044ec       0x12 Src/lcd.o
 .text.LCD1602_writeData
                0x00000000080044fe       0x12 Src/lcd.o
 .text.LCD1602_write4bitCommand
                0x0000000008004510       0x50 Src/lcd.o
 .text.LCD1602_Begin4BIT
                0x0000000008004560       0x68 Src/lcd.o
                0x0000000008004560                LCD1602_Begin4BIT
 .text.LCD1602_print
                0x00000000080045c8       0x1c Src/lcd.o
                0x00000000080045c8                LCD1602_print
 .text.LCD1602_setCursor
                0x00000000080045e4       0x26 Src/lcd.o
                0x00000000080045e4                LCD1602_setCursor
 *fill*         0x000000000800460a        0x2 
 .text.LCD1602_noCursor
                0x000000000800460c       0x18 Src/lcd.o
                0x000000000800460c                LCD1602_noCursor
 .text.LCD1602_clear
                0x0000000008004624       0x10 Src/lcd.o
                0x0000000008004624                LCD1602_clear
 .text.LCD1602_noBlink
                0x0000000008004634       0x18 Src/lcd.o
                0x0000000008004634                LCD1602_noBlink
 .text.LCD1602_PrintInt
                0x000000000800464c       0x1c Src/lcd.o
                0x000000000800464c                LCD1602_PrintInt
 .text.MX_DMA_Init
                0x0000000008004668       0x38 Src/main.o
 .text.MX_GPIO_Init
                0x00000000080046a0      0x170 Src/main.o
 .text.MX_ADC_Init
                0x0000000008004810      0x21c Src/main.o
 .text.MX_USART2_UART_Init
                0x0000000008004a2c       0x30 Src/main.o
 .text.MX_USART1_UART_Init
                0x0000000008004a5c       0x30 Src/main.o
 .text.MX_TIM3_Init
                0x0000000008004a8c       0x6c Src/main.o
 .text.Display  0x0000000008004af8      0x130 Src/main.o
                0x0000000008004af8                Display
 .text.str_clear
                0x0000000008004c28       0x12 Src/main.o
                0x0000000008004c28                str_clear
 .text.SystemClock_Config
                0x0000000008004c3a       0x6a Src/main.o
                0x0000000008004c3a                SystemClock_Config
 .text.main     0x0000000008004ca4      0x27c Src/main.o
                0x0000000008004ca4                main
 .text.RS_Transmit
                0x0000000008004f20       0x1a Src/rs485.o
                0x0000000008004f20                RS_Transmit
 .text.RS_Receive
                0x0000000008004f3a        0xa Src/rs485.o
                0x0000000008004f3a                RS_Receive
 .text.HAL_MspInit
                0x0000000008004f44       0x30 Src/stm32f0xx_hal_msp.o
                0x0000000008004f44                HAL_MspInit
 .text.HAL_UART_MspInit
                0x0000000008004f74       0xb0 Src/stm32f0xx_hal_msp.o
                0x0000000008004f74                HAL_UART_MspInit
 .text.NMI_Handler
                0x0000000008005024        0x2 Src/stm32f0xx_it.o
                0x0000000008005024                NMI_Handler
 .text.HardFault_Handler
                0x0000000008005026        0x2 Src/stm32f0xx_it.o
                0x0000000008005026                HardFault_Handler
 .text.SVC_Handler
                0x0000000008005028        0x2 Src/stm32f0xx_it.o
                0x0000000008005028                SVC_Handler
 .text.PendSV_Handler
                0x000000000800502a        0x2 Src/stm32f0xx_it.o
                0x000000000800502a                PendSV_Handler
 .text.SysTick_Handler
                0x000000000800502c        0x8 Src/stm32f0xx_it.o
                0x000000000800502c                SysTick_Handler
 .text.DMA1_Channel1_IRQHandler
                0x0000000008005034       0x30 Src/stm32f0xx_it.o
                0x0000000008005034                DMA1_Channel1_IRQHandler
 .text.ADC1_IRQHandler
                0x0000000008005064        0x2 Src/stm32f0xx_it.o
                0x0000000008005064                ADC1_IRQHandler
 *fill*         0x0000000008005066        0x2 
 .text.SystemInit
                0x0000000008005068       0x60 Src/system_stm32f0xx.o
                0x0000000008005068                SystemInit
 .text.Reset_Handler
                0x00000000080050c8       0x80 startup/startup_stm32f042x6.o
                0x00000000080050c8                Reset_Handler
 .text.Default_Handler
                0x0000000008005148        0x2 startup/startup_stm32f042x6.o
                0x0000000008005148                TIM1_CC_IRQHandler
                0x0000000008005148                TSC_IRQHandler
                0x0000000008005148                I2C1_IRQHandler
                0x0000000008005148                RCC_CRS_IRQHandler
                0x0000000008005148                SPI1_IRQHandler
                0x0000000008005148                EXTI2_3_IRQHandler
                0x0000000008005148                TIM17_IRQHandler
                0x0000000008005148                CEC_CAN_IRQHandler
                0x0000000008005148                RTC_IRQHandler
                0x0000000008005148                PVD_VDDIO2_IRQHandler
                0x0000000008005148                TIM16_IRQHandler
                0x0000000008005148                TIM3_IRQHandler
                0x0000000008005148                EXTI4_15_IRQHandler
                0x0000000008005148                Default_Handler
                0x0000000008005148                TIM14_IRQHandler
                0x0000000008005148                DMA1_Channel4_5_IRQHandler
                0x0000000008005148                EXTI0_1_IRQHandler
                0x0000000008005148                USB_IRQHandler
                0x0000000008005148                SPI2_IRQHandler
                0x0000000008005148                WWDG_IRQHandler
                0x0000000008005148                TIM2_IRQHandler
                0x0000000008005148                DMA1_Channel2_3_IRQHandler
                0x0000000008005148                USART2_IRQHandler
                0x0000000008005148                FLASH_IRQHandler
                0x0000000008005148                USART1_IRQHandler
                0x0000000008005148                TIM1_BRK_UP_TRG_COM_IRQHandler
 *fill*         0x000000000800514a        0x2 
 .text.__libc_init_array
                0x000000000800514c       0x48 /home/proxima/Ac6/SystemWorkbench/plugins/fr.ac6.mcu.externaltools.arm-none.linux64_1.17.0.201812190825/tools/compiler/bin/../lib/gcc/arm-none-eabi/7.3.1/../../../../arm-none-eabi/lib/thumb/v6-m/libc_nano.a(lib_a-init.o)
                0x000000000800514c                __libc_init_array
 .text.memcpy   0x0000000008005194       0x12 /home/proxima/Ac6/SystemWorkbench/plugins/fr.ac6.mcu.externaltools.arm-none.linux64_1.17.0.201812190825/tools/compiler/bin/../lib/gcc/arm-none-eabi/7.3.1/../../../../arm-none-eabi/lib/thumb/v6-m/libc_nano.a(lib_a-memcpy-stub.o)
                0x0000000008005194                memcpy
 .text.memset   0x00000000080051a6       0x10 /home/proxima/Ac6/SystemWorkbench/plugins/fr.ac6.mcu.externaltools.arm-none.linux64_1.17.0.201812190825/tools/compiler/bin/../lib/gcc/arm-none-eabi/7.3.1/../../../../arm-none-eabi/lib/thumb/v6-m/libc_nano.a(lib_a-memset.o)
                0x00000000080051a6                memset
 .text.__cvt    0x00000000080051b6       0xc8 /home/proxima/Ac6/SystemWorkbench/plugins/fr.ac6.mcu.externaltools.arm-none.linux64_1.17.0.201812190825/tools/compiler/bin/../lib/gcc/arm-none-eabi/7.3.1/../../../../arm-none-eabi/lib/thumb/v6-m/libc_nano.a(lib_a-nano-vfprintf_float.o)
                0x00000000080051b6                __cvt
 .text.__exponent
                0x000000000800527e       0x70 /home/proxima/Ac6/SystemWorkbench/plugins/fr.ac6.mcu.externaltools.arm-none.linux64_1.17.0.201812190825/tools/compiler/bin/../lib/gcc/arm-none-eabi/7.3.1/../../../../arm-none-eabi/lib/thumb/v6-m/libc_nano.a(lib_a-nano-vfprintf_float.o)
                0x000000000800527e                __exponent
 *fill*         0x00000000080052ee        0x2 
 .text._printf_float
                0x00000000080052f0      0x498 /home/proxima/Ac6/SystemWorkbench/plugins/fr.ac6.mcu.externaltools.arm-none.linux64_1.17.0.201812190825/tools/compiler/bin/../lib/gcc/arm-none-eabi/7.3.1/../../../../arm-none-eabi/lib/thumb/v6-m/libc_nano.a(lib_a-nano-vfprintf_float.o)
                0x00000000080052f0                _printf_float
 .text._printf_common
                0x0000000008005788       0xda /home/proxima/Ac6/SystemWorkbench/plugins/fr.ac6.mcu.externaltools.arm-none.linux64_1.17.0.201812190825/tools/compiler/bin/../lib/gcc/arm-none-eabi/7.3.1/../../../../arm-none-eabi/lib/thumb/v6-m/libc_nano.a(lib_a-nano-vfprintf_i.o)
                0x0000000008005788                _printf_common
 *fill*         0x0000000008005862        0x2 
 .text._printf_i
                0x0000000008005864      0x210 /home/proxima/Ac6/SystemWorkbench/plugins/fr.ac6.mcu.externaltools.arm-none.linux64_1.17.0.201812190825/tools/compiler/bin/../lib/gcc/arm-none-eabi/7.3.1/../../../../arm-none-eabi/lib/thumb/v6-m/libc_nano.a(lib_a-nano-vfprintf_i.o)
                0x0000000008005864                _printf_i
 .text.sprintf  0x0000000008005a74       0x40 /home/proxima/Ac6/SystemWorkbench/plugins/fr.ac6.mcu.externaltools.arm-none.linux64_1.17.0.201812190825/tools/compiler/bin/../lib/gcc/arm-none-eabi/7.3.1/../../../../arm-none-eabi/lib/thumb/v6-m/libc_nano.a(lib_a-sprintf.o)
                0x0000000008005a74                sprintf
                0x0000000008005a74                siprintf
 .text.quorem   0x0000000008005ab4      0x10c /home/proxima/Ac6/SystemWorkbench/plugins/fr.ac6.mcu.externaltools.arm-none.linux64_1.17.0.201812190825/tools/compiler/bin/../lib/gcc/arm-none-eabi/7.3.1/../../../../arm-none-eabi/lib/thumb/v6-m/libc_nano.a(lib_a-dtoa.o)
 .text._dtoa_r  0x0000000008005bc0      0xbc0 /home/proxima/Ac6/SystemWorkbench/plugins/fr.ac6.mcu.externaltools.arm-none.linux64_1.17.0.201812190825/tools/compiler/bin/../lib/gcc/arm-none-eabi/7.3.1/../../../../arm-none-eabi/lib/thumb/v6-m/libc_nano.a(lib_a-dtoa.o)
                0x0000000008005bc0                _dtoa_r
 .text._localeconv_r
                0x0000000008006780       0x18 /home/proxima/Ac6/SystemWorkbench/plugins/fr.ac6.mcu.externaltools.arm-none.linux64_1.17.0.201812190825/tools/compiler/bin/../lib/gcc/arm-none-eabi/7.3.1/../../../../arm-none-eabi/lib/thumb/v6-m/libc_nano.a(lib_a-localeconv.o)
                0x0000000008006780                _localeconv_r
 .text.malloc   0x0000000008006798       0x14 /home/proxima/Ac6/SystemWorkbench/plugins/fr.ac6.mcu.externaltools.arm-none.linux64_1.17.0.201812190825/tools/compiler/bin/../lib/gcc/arm-none-eabi/7.3.1/../../../../arm-none-eabi/lib/thumb/v6-m/libc_nano.a(lib_a-malloc.o)
                0x0000000008006798                malloc
 .text.memchr   0x00000000080067ac       0x16 /home/proxima/Ac6/SystemWorkbench/plugins/fr.ac6.mcu.externaltools.arm-none.linux64_1.17.0.201812190825/tools/compiler/bin/../lib/gcc/arm-none-eabi/7.3.1/../../../../arm-none-eabi/lib/thumb/v6-m/libc_nano.a(lib_a-memchr-stub.o)
                0x00000000080067ac                memchr
 .text._Balloc  0x00000000080067c2       0x70 /home/proxima/Ac6/SystemWorkbench/plugins/fr.ac6.mcu.externaltools.arm-none.linux64_1.17.0.201812190825/tools/compiler/bin/../lib/gcc/arm-none-eabi/7.3.1/../../../../arm-none-eabi/lib/thumb/v6-m/libc_nano.a(lib_a-mprec.o)
                0x00000000080067c2                _Balloc
 .text._Bfree   0x0000000008006832       0x32 /home/proxima/Ac6/SystemWorkbench/plugins/fr.ac6.mcu.externaltools.arm-none.linux64_1.17.0.201812190825/tools/compiler/bin/../lib/gcc/arm-none-eabi/7.3.1/../../../../arm-none-eabi/lib/thumb/v6-m/libc_nano.a(lib_a-mprec.o)
                0x0000000008006832                _Bfree
 .text.__multadd
                0x0000000008006864       0x7c /home/proxima/Ac6/SystemWorkbench/plugins/fr.ac6.mcu.externaltools.arm-none.linux64_1.17.0.201812190825/tools/compiler/bin/../lib/gcc/arm-none-eabi/7.3.1/../../../../arm-none-eabi/lib/thumb/v6-m/libc_nano.a(lib_a-mprec.o)
                0x0000000008006864                __multadd
 .text.__hi0bits
                0x00000000080068e0       0x34 /home/proxima/Ac6/SystemWorkbench/plugins/fr.ac6.mcu.externaltools.arm-none.linux64_1.17.0.201812190825/tools/compiler/bin/../lib/gcc/arm-none-eabi/7.3.1/../../../../arm-none-eabi/lib/thumb/v6-m/libc_nano.a(lib_a-mprec.o)
                0x00000000080068e0                __hi0bits
 .text.__lo0bits
                0x0000000008006914       0x5e /home/proxima/Ac6/SystemWorkbench/plugins/fr.ac6.mcu.externaltools.arm-none.linux64_1.17.0.201812190825/tools/compiler/bin/../lib/gcc/arm-none-eabi/7.3.1/../../../../arm-none-eabi/lib/thumb/v6-m/libc_nano.a(lib_a-mprec.o)
                0x0000000008006914                __lo0bits
 .text.__i2b    0x0000000008006972       0x12 /home/proxima/Ac6/SystemWorkbench/plugins/fr.ac6.mcu.externaltools.arm-none.linux64_1.17.0.201812190825/tools/compiler/bin/../lib/gcc/arm-none-eabi/7.3.1/../../../../arm-none-eabi/lib/thumb/v6-m/libc_nano.a(lib_a-mprec.o)
                0x0000000008006972                __i2b
 .text.__multiply
                0x0000000008006984      0x11e /home/proxima/Ac6/SystemWorkbench/plugins/fr.ac6.mcu.externaltools.arm-none.linux64_1.17.0.201812190825/tools/compiler/bin/../lib/gcc/arm-none-eabi/7.3.1/../../../../arm-none-eabi/lib/thumb/v6-m/libc_nano.a(lib_a-mprec.o)
                0x0000000008006984                __multiply
 *fill*         0x0000000008006aa2        0x2 
 .text.__pow5mult
                0x0000000008006aa4       0xa4 /home/proxima/Ac6/SystemWorkbench/plugins/fr.ac6.mcu.externaltools.arm-none.linux64_1.17.0.201812190825/tools/compiler/bin/../lib/gcc/arm-none-eabi/7.3.1/../../../../arm-none-eabi/lib/thumb/v6-m/libc_nano.a(lib_a-mprec.o)
                0x0000000008006aa4                __pow5mult
 .text.__lshift
                0x0000000008006b48       0xa4 /home/proxima/Ac6/SystemWorkbench/plugins/fr.ac6.mcu.externaltools.arm-none.linux64_1.17.0.201812190825/tools/compiler/bin/../lib/gcc/arm-none-eabi/7.3.1/../../../../arm-none-eabi/lib/thumb/v6-m/libc_nano.a(lib_a-mprec.o)
                0x0000000008006b48                __lshift
 .text.__mcmp   0x0000000008006bec       0x34 /home/proxima/Ac6/SystemWorkbench/plugins/fr.ac6.mcu.externaltools.arm-none.linux64_1.17.0.201812190825/tools/compiler/bin/../lib/gcc/arm-none-eabi/7.3.1/../../../../arm-none-eabi/lib/thumb/v6-m/libc_nano.a(lib_a-mprec.o)
                0x0000000008006bec                __mcmp
 .text.__mdiff  0x0000000008006c20       0xc8 /home/proxima/Ac6/SystemWorkbench/plugins/fr.ac6.mcu.externaltools.arm-none.linux64_1.17.0.201812190825/tools/compiler/bin/../lib/gcc/arm-none-eabi/7.3.1/../../../../arm-none-eabi/lib/thumb/v6-m/libc_nano.a(lib_a-mprec.o)
                0x0000000008006c20                __mdiff
 .text.__d2b    0x0000000008006ce8       0xa8 /home/proxima/Ac6/SystemWorkbench/plugins/fr.ac6.mcu.externaltools.arm-none.linux64_1.17.0.201812190825/tools/compiler/bin/../lib/gcc/arm-none-eabi/7.3.1/../../../../arm-none-eabi/lib/thumb/v6-m/libc_nano.a(lib_a-mprec.o)
                0x0000000008006ce8                __d2b
 .text._calloc_r
                0x0000000008006d90       0x1c /home/proxima/Ac6/SystemWorkbench/plugins/fr.ac6.mcu.externaltools.arm-none.linux64_1.17.0.201812190825/tools/compiler/bin/../lib/gcc/arm-none-eabi/7.3.1/../../../../arm-none-eabi/lib/thumb/v6-m/libc_nano.a(lib_a-nano-callocr.o)
                0x0000000008006d90                _calloc_r
 .text._free_r  0x0000000008006dac       0x94 /home/proxima/Ac6/SystemWorkbench/plugins/fr.ac6.mcu.externaltools.arm-none.linux64_1.17.0.201812190825/tools/compiler/bin/../lib/gcc/arm-none-eabi/7.3.1/../../../../arm-none-eabi/lib/thumb/v6-m/libc_nano.a(lib_a-nano-freer.o)
                0x0000000008006dac                _free_r
 .text._malloc_r
                0x0000000008006e40       0xbc /home/proxima/Ac6/SystemWorkbench/plugins/fr.ac6.mcu.externaltools.arm-none.linux64_1.17.0.201812190825/tools/compiler/bin/../lib/gcc/arm-none-eabi/7.3.1/../../../../arm-none-eabi/lib/thumb/v6-m/libc_nano.a(lib_a-nano-mallocr.o)
                0x0000000008006e40                _malloc_r
 .text.__ssputs_r
                0x0000000008006efc       0xc4 /home/proxima/Ac6/SystemWorkbench/plugins/fr.ac6.mcu.externaltools.arm-none.linux64_1.17.0.201812190825/tools/compiler/bin/../lib/gcc/arm-none-eabi/7.3.1/../../../../arm-none-eabi/lib/thumb/v6-m/libc_nano.a(lib_a-nano-svfprintf.o)
                0x0000000008006efc                __ssputs_r
 .text._svfprintf_r
                0x0000000008006fc0      0x1fc /home/proxima/Ac6/SystemWorkbench/plugins/fr.ac6.mcu.externaltools.arm-none.linux64_1.17.0.201812190825/tools/compiler/bin/../lib/gcc/arm-none-eabi/7.3.1/../../../../arm-none-eabi/lib/thumb/v6-m/libc_nano.a(lib_a-nano-svfprintf.o)
                0x0000000008006fc0                _svfprintf_r
                0x0000000008006fc0                _svfiprintf_r
 .text._sbrk_r  0x00000000080071bc       0x24 /home/proxima/Ac6/SystemWorkbench/plugins/fr.ac6.mcu.externaltools.arm-none.linux64_1.17.0.201812190825/tools/compiler/bin/../lib/gcc/arm-none-eabi/7.3.1/../../../../arm-none-eabi/lib/thumb/v6-m/libc_nano.a(lib_a-sbrkr.o)
                0x00000000080071bc                _sbrk_r
 .text.__ascii_mbtowc
                0x00000000080071e0       0x24 /home/proxima/Ac6/SystemWorkbench/plugins/fr.ac6.mcu.externaltools.arm-none.linux64_1.17.0.201812190825/tools/compiler/bin/../lib/gcc/arm-none-eabi/7.3.1/../../../../arm-none-eabi/lib/thumb/v6-m/libc_nano.a(lib_a-mbtowc_r.o)
                0x00000000080071e0                __ascii_mbtowc
 .text.memmove  0x0000000008007204       0x26 /home/proxima/Ac6/SystemWorkbench/plugins/fr.ac6.mcu.externaltools.arm-none.linux64_1.17.0.201812190825/tools/compiler/bin/../lib/gcc/arm-none-eabi/7.3.1/../../../../arm-none-eabi/lib/thumb/v6-m/libc_nano.a(lib_a-memmove.o)
                0x0000000008007204                memmove
 .text.__malloc_lock
                0x000000000800722a        0x2 /home/proxima/Ac6/SystemWorkbench/plugins/fr.ac6.mcu.externaltools.arm-none.linux64_1.17.0.201812190825/tools/compiler/bin/../lib/gcc/arm-none-eabi/7.3.1/../../../../arm-none-eabi/lib/thumb/v6-m/libc_nano.a(lib_a-mlock.o)
                0x000000000800722a                __malloc_lock
 .text.__malloc_unlock
                0x000000000800722c        0x2 /home/proxima/Ac6/SystemWorkbench/plugins/fr.ac6.mcu.externaltools.arm-none.linux64_1.17.0.201812190825/tools/compiler/bin/../lib/gcc/arm-none-eabi/7.3.1/../../../../arm-none-eabi/lib/thumb/v6-m/libc_nano.a(lib_a-mlock.o)
                0x000000000800722c                __malloc_unlock
 .text._realloc_r
                0x000000000800722e       0x4c /home/proxima/Ac6/SystemWorkbench/plugins/fr.ac6.mcu.externaltools.arm-none.linux64_1.17.0.201812190825/tools/compiler/bin/../lib/gcc/arm-none-eabi/7.3.1/../../../../arm-none-eabi/lib/thumb/v6-m/libc_nano.a(lib_a-nano-reallocr.o)
                0x000000000800722e                _realloc_r
 .text.__ascii_wctomb
                0x000000000800727a       0x18 /home/proxima/Ac6/SystemWorkbench/plugins/fr.ac6.mcu.externaltools.arm-none.linux64_1.17.0.201812190825/tools/compiler/bin/../lib/gcc/arm-none-eabi/7.3.1/../../../../arm-none-eabi/lib/thumb/v6-m/libc_nano.a(lib_a-wctomb_r.o)
                0x000000000800727a                __ascii_wctomb
 .text._malloc_usable_size_r
                0x0000000008007292       0x10 /home/proxima/Ac6/SystemWorkbench/plugins/fr.ac6.mcu.externaltools.arm-none.linux64_1.17.0.201812190825/tools/compiler/bin/../lib/gcc/arm-none-eabi/7.3.1/../../../../arm-none-eabi/lib/thumb/v6-m/libc_nano.a(lib_a-nano-msizer.o)
                0x0000000008007292                _malloc_usable_size_r
 *fill*         0x00000000080072a2        0x2 
 .text._sbrk    0x00000000080072a4       0x1c /home/proxima/Ac6/SystemWorkbench/plugins/fr.ac6.mcu.externaltools.arm-none.linux64_1.17.0.201812190825/tools/compiler/bin/../lib/gcc/arm-none-eabi/7.3.1/../../../../arm-none-eabi/lib/thumb/v6-m/libnosys.a(sbrk.o)
                0x00000000080072a4                _sbrk
 *(.glue_7)
 .glue_7        0x00000000080072c0        0x0 linker stubs
 *(.glue_7t)
 .glue_7t       0x00000000080072c0        0x0 linker stubs
 *(.eh_frame)
 .eh_frame      0x00000000080072c0        0x0 /home/proxima/Ac6/SystemWorkbench/plugins/fr.ac6.mcu.externaltools.arm-none.linux64_1.17.0.201812190825/tools/compiler/bin/../lib/gcc/arm-none-eabi/7.3.1/thumb/v6-m/crtbegin.o
 *(.init)
 .init          0x00000000080072c0        0x4 /home/proxima/Ac6/SystemWorkbench/plugins/fr.ac6.mcu.externaltools.arm-none.linux64_1.17.0.201812190825/tools/compiler/bin/../lib/gcc/arm-none-eabi/7.3.1/thumb/v6-m/crti.o
                0x00000000080072c0                _init
 .init          0x00000000080072c4        0x8 /home/proxima/Ac6/SystemWorkbench/plugins/fr.ac6.mcu.externaltools.arm-none.linux64_1.17.0.201812190825/tools/compiler/bin/../lib/gcc/arm-none-eabi/7.3.1/thumb/v6-m/crtn.o
 *(.fini)
 .fini          0x00000000080072cc        0x4 /home/proxima/Ac6/SystemWorkbench/plugins/fr.ac6.mcu.externaltools.arm-none.linux64_1.17.0.201812190825/tools/compiler/bin/../lib/gcc/arm-none-eabi/7.3.1/thumb/v6-m/crti.o
                0x00000000080072cc                _fini
 .fini          0x00000000080072d0        0x8 /home/proxima/Ac6/SystemWorkbench/plugins/fr.ac6.mcu.externaltools.arm-none.linux64_1.17.0.201812190825/tools/compiler/bin/../lib/gcc/arm-none-eabi/7.3.1/thumb/v6-m/crtn.o
                0x00000000080072d8                . = ALIGN (0x4)
                0x00000000080072d8                _etext = .

.vfp11_veneer   0x00000000080072d8        0x0
 .vfp11_veneer  0x00000000080072d8        0x0 linker stubs

.v4_bx          0x00000000080072d8        0x0
 .v4_bx         0x00000000080072d8        0x0 linker stubs

.iplt           0x00000000080072d8        0x0
 .iplt          0x00000000080072d8        0x0 /home/proxima/Ac6/SystemWorkbench/plugins/fr.ac6.mcu.externaltools.arm-none.linux64_1.17.0.201812190825/tools/compiler/bin/../lib/gcc/arm-none-eabi/7.3.1/thumb/v6-m/crtbegin.o

.rodata         0x00000000080072d8      0x3f8
                0x00000000080072d8                . = ALIGN (0x4)
 *(.rodata)
 .rodata        0x00000000080072d8       0x20 Drivers/STM32F0xx_HAL_Driver/Src/stm32f0xx_hal_rcc.o
 .rodata        0x00000000080072f8       0x18 Src/system_stm32f0xx.o
                0x00000000080072f8                AHBPrescTable
                0x0000000008007308                APBPrescTable
 .rodata        0x0000000008007310       0x80 /home/proxima/Ac6/SystemWorkbench/plugins/fr.ac6.mcu.externaltools.arm-none.linux64_1.17.0.201812190825/tools/compiler/bin/../lib/gcc/arm-none-eabi/7.3.1/thumb/v6-m/libgcc.a(divsf3.o)
 .rodata        0x0000000008007390       0x40 /home/proxima/Ac6/SystemWorkbench/plugins/fr.ac6.mcu.externaltools.arm-none.linux64_1.17.0.201812190825/tools/compiler/bin/../lib/gcc/arm-none-eabi/7.3.1/thumb/v6-m/libgcc.a(mulsf3.o)
 .rodata        0x00000000080073d0       0x40 /home/proxima/Ac6/SystemWorkbench/plugins/fr.ac6.mcu.externaltools.arm-none.linux64_1.17.0.201812190825/tools/compiler/bin/../lib/gcc/arm-none-eabi/7.3.1/thumb/v6-m/libgcc.a(divdf3.o)
 .rodata        0x0000000008007410       0x40 /home/proxima/Ac6/SystemWorkbench/plugins/fr.ac6.mcu.externaltools.arm-none.linux64_1.17.0.201812190825/tools/compiler/bin/../lib/gcc/arm-none-eabi/7.3.1/thumb/v6-m/libgcc.a(muldf3.o)
 *(.rodata*)
 .rodata.str1.4
                0x0000000008007450        0x9 Src/lcd.o
 *fill*         0x0000000008007459        0x3 
 .rodata.str1.4
                0x000000000800745c       0x14 Src/main.o
 .rodata._printf_float.str1.1
                0x0000000008007470       0x12 /home/proxima/Ac6/SystemWorkbench/plugins/fr.ac6.mcu.externaltools.arm-none.linux64_1.17.0.201812190825/tools/compiler/bin/../lib/gcc/arm-none-eabi/7.3.1/../../../../arm-none-eabi/lib/thumb/v6-m/libc_nano.a(lib_a-nano-vfprintf_float.o)
 .rodata._printf_i.str1.1
                0x0000000008007482       0x22 /home/proxima/Ac6/SystemWorkbench/plugins/fr.ac6.mcu.externaltools.arm-none.linux64_1.17.0.201812190825/tools/compiler/bin/../lib/gcc/arm-none-eabi/7.3.1/../../../../arm-none-eabi/lib/thumb/v6-m/libc_nano.a(lib_a-nano-vfprintf_i.o)
 .rodata._dtoa_r.str1.1
                0x00000000080074a4        0xd /home/proxima/Ac6/SystemWorkbench/plugins/fr.ac6.mcu.externaltools.arm-none.linux64_1.17.0.201812190825/tools/compiler/bin/../lib/gcc/arm-none-eabi/7.3.1/../../../../arm-none-eabi/lib/thumb/v6-m/libc_nano.a(lib_a-dtoa.o)
                                          0xf (size before relaxing)
 *fill*         0x00000000080074b1        0x7 
 .rodata.__mprec_bigtens
                0x00000000080074b8       0x28 /home/proxima/Ac6/SystemWorkbench/plugins/fr.ac6.mcu.externaltools.arm-none.linux64_1.17.0.201812190825/tools/compiler/bin/../lib/gcc/arm-none-eabi/7.3.1/../../../../arm-none-eabi/lib/thumb/v6-m/libc_nano.a(lib_a-mprec.o)
                0x00000000080074b8                __mprec_bigtens
 .rodata.__mprec_tens
                0x00000000080074e0       0xc8 /home/proxima/Ac6/SystemWorkbench/plugins/fr.ac6.mcu.externaltools.arm-none.linux64_1.17.0.201812190825/tools/compiler/bin/../lib/gcc/arm-none-eabi/7.3.1/../../../../arm-none-eabi/lib/thumb/v6-m/libc_nano.a(lib_a-mprec.o)
                0x00000000080074e0                __mprec_tens
 .rodata.p05.6084
                0x00000000080075a8        0xc /home/proxima/Ac6/SystemWorkbench/plugins/fr.ac6.mcu.externaltools.arm-none.linux64_1.17.0.201812190825/tools/compiler/bin/../lib/gcc/arm-none-eabi/7.3.1/../../../../arm-none-eabi/lib/thumb/v6-m/libc_nano.a(lib_a-mprec.o)
 .rodata._svfprintf_r.str1.1
                0x00000000080075b4       0x11 /home/proxima/Ac6/SystemWorkbench/plugins/fr.ac6.mcu.externaltools.arm-none.linux64_1.17.0.201812190825/tools/compiler/bin/../lib/gcc/arm-none-eabi/7.3.1/../../../../arm-none-eabi/lib/thumb/v6-m/libc_nano.a(lib_a-nano-svfprintf.o)
 .rodata._setlocale_r.str1.1
                0x00000000080075c5        0x8 /home/proxima/Ac6/SystemWorkbench/plugins/fr.ac6.mcu.externaltools.arm-none.linux64_1.17.0.201812190825/tools/compiler/bin/../lib/gcc/arm-none-eabi/7.3.1/../../../../arm-none-eabi/lib/thumb/v6-m/libc_nano.a(lib_a-locale.o)
                                          0x9 (size before relaxing)
 .rodata.str1.1
                0x00000000080075cd        0x2 /home/proxima/Ac6/SystemWorkbench/plugins/fr.ac6.mcu.externaltools.arm-none.linux64_1.17.0.201812190825/tools/compiler/bin/../lib/gcc/arm-none-eabi/7.3.1/../../../../arm-none-eabi/lib/thumb/v6-m/libc_nano.a(lib_a-locale.o)
 .rodata._ctype_
                0x00000000080075cf      0x101 /home/proxima/Ac6/SystemWorkbench/plugins/fr.ac6.mcu.externaltools.arm-none.linux64_1.17.0.201812190825/tools/compiler/bin/../lib/gcc/arm-none-eabi/7.3.1/../../../../arm-none-eabi/lib/thumb/v6-m/libc_nano.a(lib_a-ctype_.o)
                0x00000000080075cf                _ctype_
                0x00000000080076d0                . = ALIGN (0x4)

.rel.dyn        0x00000000080076d0        0x0
 .rel.iplt      0x00000000080076d0        0x0 /home/proxima/Ac6/SystemWorkbench/plugins/fr.ac6.mcu.externaltools.arm-none.linux64_1.17.0.201812190825/tools/compiler/bin/../lib/gcc/arm-none-eabi/7.3.1/thumb/v6-m/crtbegin.o

.ARM.extab
 *(.ARM.extab* .gnu.linkonce.armextab.*)

.ARM            0x00000000080076d0        0x0
                0x00000000080076d0                __exidx_start = .
 *(.ARM.exidx*)
                0x00000000080076d0                __exidx_end = .

.preinit_array  0x00000000080076d0        0x0
                0x00000000080076d0                PROVIDE (__preinit_array_start = .)
 *(.preinit_array*)
                0x00000000080076d0                PROVIDE (__preinit_array_end = .)

.init_array     0x00000000080076d0        0x4
                0x00000000080076d0                PROVIDE (__init_array_start = .)
 *(SORT_BY_NAME(.init_array.*))
 *(.init_array*)
 .init_array    0x00000000080076d0        0x4 /home/proxima/Ac6/SystemWorkbench/plugins/fr.ac6.mcu.externaltools.arm-none.linux64_1.17.0.201812190825/tools/compiler/bin/../lib/gcc/arm-none-eabi/7.3.1/thumb/v6-m/crtbegin.o
                0x00000000080076d4                PROVIDE (__init_array_end = .)

.fini_array     0x00000000080076d4        0x4
                [!provide]                        PROVIDE (__fini_array_start = .)
 *(SORT_BY_NAME(.fini_array.*))
 *(.fini_array*)
 .fini_array    0x00000000080076d4        0x4 /home/proxima/Ac6/SystemWorkbench/plugins/fr.ac6.mcu.externaltools.arm-none.linux64_1.17.0.201812190825/tools/compiler/bin/../lib/gcc/arm-none-eabi/7.3.1/thumb/v6-m/crtbegin.o
                [!provide]                        PROVIDE (__fini_array_end = .)
                0x00000000080076d8                _sidata = LOADADDR (.data)

.data           0x0000000020000000      0x1d8 load address 0x00000000080076d8
                0x0000000020000000                . = ALIGN (0x4)
                0x0000000020000000                _sdata = .
 *(.data)
 .data          0x0000000020000000        0x3 Src/lcd.o
 *fill*         0x0000000020000003        0x1 
 .data          0x0000000020000004        0x4 Src/system_stm32f0xx.o
                0x0000000020000004                SystemCoreClock
 *(.data*)
 .data._impure_ptr
                0x0000000020000008        0x4 /home/proxima/Ac6/SystemWorkbench/plugins/fr.ac6.mcu.externaltools.arm-none.linux64_1.17.0.201812190825/tools/compiler/bin/../lib/gcc/arm-none-eabi/7.3.1/../../../../arm-none-eabi/lib/thumb/v6-m/libc_nano.a(lib_a-impure.o)
                0x0000000020000008                _impure_ptr
 .data.impure_data
                0x000000002000000c       0x60 /home/proxima/Ac6/SystemWorkbench/plugins/fr.ac6.mcu.externaltools.arm-none.linux64_1.17.0.201812190825/tools/compiler/bin/../lib/gcc/arm-none-eabi/7.3.1/../../../../arm-none-eabi/lib/thumb/v6-m/libc_nano.a(lib_a-impure.o)
 .data.__global_locale
                0x000000002000006c      0x16c /home/proxima/Ac6/SystemWorkbench/plugins/fr.ac6.mcu.externaltools.arm-none.linux64_1.17.0.201812190825/tools/compiler/bin/../lib/gcc/arm-none-eabi/7.3.1/../../../../arm-none-eabi/lib/thumb/v6-m/libc_nano.a(lib_a-locale.o)
                0x000000002000006c                __global_locale
                0x00000000200001d8                . = ALIGN (0x4)
                0x00000000200001d8                _edata = .

.igot.plt       0x00000000200001d8        0x0 load address 0x00000000080078b0
 .igot.plt      0x00000000200001d8        0x0 /home/proxima/Ac6/SystemWorkbench/plugins/fr.ac6.mcu.externaltools.arm-none.linux64_1.17.0.201812190825/tools/compiler/bin/../lib/gcc/arm-none-eabi/7.3.1/thumb/v6-m/crtbegin.o
                0x00000000200001d8                . = ALIGN (0x4)

.bss            0x00000000200001d8      0x110 load address 0x00000000080078b0
                0x00000000200001d8                _sbss = .
                0x00000000200001d8                __bss_start__ = _sbss
 *(.bss)
 .bss           0x00000000200001d8       0x1c /home/proxima/Ac6/SystemWorkbench/plugins/fr.ac6.mcu.externaltools.arm-none.linux64_1.17.0.201812190825/tools/compiler/bin/../lib/gcc/arm-none-eabi/7.3.1/thumb/v6-m/crtbegin.o
 *(.bss*)
 .bss.__malloc_free_list
                0x00000000200001f4        0x4 /home/proxima/Ac6/SystemWorkbench/plugins/fr.ac6.mcu.externaltools.arm-none.linux64_1.17.0.201812190825/tools/compiler/bin/../lib/gcc/arm-none-eabi/7.3.1/../../../../arm-none-eabi/lib/thumb/v6-m/libc_nano.a(lib_a-nano-mallocr.o)
                0x00000000200001f4                __malloc_free_list
 .bss.__malloc_sbrk_start
                0x00000000200001f8        0x4 /home/proxima/Ac6/SystemWorkbench/plugins/fr.ac6.mcu.externaltools.arm-none.linux64_1.17.0.201812190825/tools/compiler/bin/../lib/gcc/arm-none-eabi/7.3.1/../../../../arm-none-eabi/lib/thumb/v6-m/libc_nano.a(lib_a-nano-mallocr.o)
                0x00000000200001f8                __malloc_sbrk_start
 .bss.heap_end.4102
                0x00000000200001fc        0x4 /home/proxima/Ac6/SystemWorkbench/plugins/fr.ac6.mcu.externaltools.arm-none.linux64_1.17.0.201812190825/tools/compiler/bin/../lib/gcc/arm-none-eabi/7.3.1/../../../../arm-none-eabi/lib/thumb/v6-m/libnosys.a(sbrk.o)
 *(COMMON)
 COMMON         0x0000000020000200        0x4 Drivers/STM32F0xx_HAL_Driver/Src/stm32f0xx_hal.o
                0x0000000020000200                uwTick
 COMMON         0x0000000020000204       0xe0 Src/main.o
                0x0000000020000204                huart1
                0x0000000020000274                huart2
 COMMON         0x00000000200002e4        0x4 /home/proxima/Ac6/SystemWorkbench/plugins/fr.ac6.mcu.externaltools.arm-none.linux64_1.17.0.201812190825/tools/compiler/bin/../lib/gcc/arm-none-eabi/7.3.1/../../../../arm-none-eabi/lib/thumb/v6-m/libc_nano.a(lib_a-reent.o)
                0x00000000200002e4                errno
                0x00000000200002e8                . = ALIGN (0x4)
                0x00000000200002e8                _ebss = .
                0x00000000200002e8                __bss_end__ = _ebss

._user_heap_stack
                0x00000000200002e8      0x600 load address 0x00000000080078b0
                0x00000000200002e8                . = ALIGN (0x8)
                0x00000000200002e8                PROVIDE (end = .)
                [!provide]                        PROVIDE (_end = .)
                0x00000000200004e8                . = (. + _Min_Heap_Size)
 *fill*         0x00000000200002e8      0x200 
                0x00000000200008e8                . = (. + _Min_Stack_Size)
 *fill*         0x00000000200004e8      0x400 
                0x00000000200008e8                . = ALIGN (0x8)

/DISCARD/
 libc.a(*)
 libm.a(*)
 libgcc.a(*)

.ARM.attributes
                0x0000000000000000       0x28
 *(.ARM.attributes)
 .ARM.attributes
                0x0000000000000000       0x1e /home/proxima/Ac6/SystemWorkbench/plugins/fr.ac6.mcu.externaltools.arm-none.linux64_1.17.0.201812190825/tools/compiler/bin/../lib/gcc/arm-none-eabi/7.3.1/thumb/v6-m/crti.o
 .ARM.attributes
                0x000000000000001e       0x2c /home/proxima/Ac6/SystemWorkbench/plugins/fr.ac6.mcu.externaltools.arm-none.linux64_1.17.0.201812190825/tools/compiler/bin/../lib/gcc/arm-none-eabi/7.3.1/thumb/v6-m/crtbegin.o
 .ARM.attributes
                0x000000000000004a       0x31 Drivers/STM32F0xx_HAL_Driver/Src/stm32f0xx_hal.o
 .ARM.attributes
                0x000000000000007b       0x31 Drivers/STM32F0xx_HAL_Driver/Src/stm32f0xx_hal_cortex.o
 .ARM.attributes
                0x00000000000000ac       0x31 Drivers/STM32F0xx_HAL_Driver/Src/stm32f0xx_hal_gpio.o
 .ARM.attributes
                0x00000000000000dd       0x31 Drivers/STM32F0xx_HAL_Driver/Src/stm32f0xx_hal_rcc.o
 .ARM.attributes
                0x000000000000010e       0x31 Drivers/STM32F0xx_HAL_Driver/Src/stm32f0xx_hal_rcc_ex.o
 .ARM.attributes
                0x000000000000013f       0x31 Drivers/STM32F0xx_HAL_Driver/Src/stm32f0xx_hal_uart.o
 .ARM.attributes
                0x0000000000000170       0x31 Drivers/STM32F0xx_HAL_Driver/Src/stm32f0xx_ll_adc.o
 .ARM.attributes
                0x00000000000001a1       0x31 Drivers/STM32F0xx_HAL_Driver/Src/stm32f0xx_ll_gpio.o
 .ARM.attributes
                0x00000000000001d2       0x31 Drivers/STM32F0xx_HAL_Driver/Src/stm32f0xx_ll_tim.o
 .ARM.attributes
                0x0000000000000203       0x31 Drivers/STM32F0xx_HAL_Driver/Src/stm32f0xx_ll_utils.o
 .ARM.attributes
                0x0000000000000234       0x31 Src/frame_parser.o
 .ARM.attributes
                0x0000000000000265       0x31 Src/inputs.o
 .ARM.attributes
                0x0000000000000296       0x31 Src/lcd.o
 .ARM.attributes
                0x00000000000002c7       0x31 Src/main.o
 .ARM.attributes
                0x00000000000002f8       0x31 Src/rs485.o
 .ARM.attributes
                0x0000000000000329       0x31 Src/stm32f0xx_hal_msp.o
 .ARM.attributes
                0x000000000000035a       0x31 Src/stm32f0xx_it.o
 .ARM.attributes
                0x000000000000038b       0x31 Src/system_stm32f0xx.o
 .ARM.attributes
                0x00000000000003bc       0x21 startup/startup_stm32f042x6.o
 .ARM.attributes
                0x00000000000003dd       0x1e /home/proxima/Ac6/SystemWorkbench/plugins/fr.ac6.mcu.externaltools.arm-none.linux64_1.17.0.201812190825/tools/compiler/bin/../lib/gcc/arm-none-eabi/7.3.1/thumb/v6-m/libgcc.a(_udivsi3.o)
 .ARM.attributes
                0x00000000000003fb       0x1e /home/proxima/Ac6/SystemWorkbench/plugins/fr.ac6.mcu.externaltools.arm-none.linux64_1.17.0.201812190825/tools/compiler/bin/../lib/gcc/arm-none-eabi/7.3.1/thumb/v6-m/libgcc.a(_dvmd_tls.o)
 .ARM.attributes
                0x0000000000000419       0x1e /home/proxima/Ac6/SystemWorkbench/plugins/fr.ac6.mcu.externaltools.arm-none.linux64_1.17.0.201812190825/tools/compiler/bin/../lib/gcc/arm-none-eabi/7.3.1/thumb/v6-m/libgcc.a(_arm_cmpsf2.o)
 .ARM.attributes
                0x0000000000000437       0x2c /home/proxima/Ac6/SystemWorkbench/plugins/fr.ac6.mcu.externaltools.arm-none.linux64_1.17.0.201812190825/tools/compiler/bin/../lib/gcc/arm-none-eabi/7.3.1/thumb/v6-m/libgcc.a(_fixunssfsi.o)
 .ARM.attributes
                0x0000000000000463       0x2c /home/proxima/Ac6/SystemWorkbench/plugins/fr.ac6.mcu.externaltools.arm-none.linux64_1.17.0.201812190825/tools/compiler/bin/../lib/gcc/arm-none-eabi/7.3.1/thumb/v6-m/libgcc.a(addsf3.o)
 .ARM.attributes
                0x000000000000048f       0x2c /home/proxima/Ac6/SystemWorkbench/plugins/fr.ac6.mcu.externaltools.arm-none.linux64_1.17.0.201812190825/tools/compiler/bin/../lib/gcc/arm-none-eabi/7.3.1/thumb/v6-m/libgcc.a(divsf3.o)
 .ARM.attributes
                0x00000000000004bb       0x2c /home/proxima/Ac6/SystemWorkbench/plugins/fr.ac6.mcu.externaltools.arm-none.linux64_1.17.0.201812190825/tools/compiler/bin/../lib/gcc/arm-none-eabi/7.3.1/thumb/v6-m/libgcc.a(eqsf2.o)
 .ARM.attributes
                0x00000000000004e7       0x2c /home/proxima/Ac6/SystemWorkbench/plugins/fr.ac6.mcu.externaltools.arm-none.linux64_1.17.0.201812190825/tools/compiler/bin/../lib/gcc/arm-none-eabi/7.3.1/thumb/v6-m/libgcc.a(gesf2.o)
 .ARM.attributes
                0x0000000000000513       0x2c /home/proxima/Ac6/SystemWorkbench/plugins/fr.ac6.mcu.externaltools.arm-none.linux64_1.17.0.201812190825/tools/compiler/bin/../lib/gcc/arm-none-eabi/7.3.1/thumb/v6-m/libgcc.a(lesf2.o)
 .ARM.attributes
                0x000000000000053f       0x2c /home/proxima/Ac6/SystemWorkbench/plugins/fr.ac6.mcu.externaltools.arm-none.linux64_1.17.0.201812190825/tools/compiler/bin/../lib/gcc/arm-none-eabi/7.3.1/thumb/v6-m/libgcc.a(mulsf3.o)
 .ARM.attributes
                0x000000000000056b       0x2c /home/proxima/Ac6/SystemWorkbench/plugins/fr.ac6.mcu.externaltools.arm-none.linux64_1.17.0.201812190825/tools/compiler/bin/../lib/gcc/arm-none-eabi/7.3.1/thumb/v6-m/libgcc.a(subsf3.o)
 .ARM.attributes
                0x0000000000000597       0x2c /home/proxima/Ac6/SystemWorkbench/plugins/fr.ac6.mcu.externaltools.arm-none.linux64_1.17.0.201812190825/tools/compiler/bin/../lib/gcc/arm-none-eabi/7.3.1/thumb/v6-m/libgcc.a(fixsfsi.o)
 .ARM.attributes
                0x00000000000005c3       0x2c /home/proxima/Ac6/SystemWorkbench/plugins/fr.ac6.mcu.externaltools.arm-none.linux64_1.17.0.201812190825/tools/compiler/bin/../lib/gcc/arm-none-eabi/7.3.1/thumb/v6-m/libgcc.a(floatunsisf.o)
 .ARM.attributes
                0x00000000000005ef       0x1e /home/proxima/Ac6/SystemWorkbench/plugins/fr.ac6.mcu.externaltools.arm-none.linux64_1.17.0.201812190825/tools/compiler/bin/../lib/gcc/arm-none-eabi/7.3.1/thumb/v6-m/libgcc.a(_clzsi2.o)
 .ARM.attributes
                0x000000000000060d       0x2c /home/proxima/Ac6/SystemWorkbench/plugins/fr.ac6.mcu.externaltools.arm-none.linux64_1.17.0.201812190825/tools/compiler/bin/../lib/gcc/arm-none-eabi/7.3.1/../../../../arm-none-eabi/lib/thumb/v6-m/libc_nano.a(lib_a-impure.o)
 .ARM.attributes
                0x0000000000000639       0x2c /home/proxima/Ac6/SystemWorkbench/plugins/fr.ac6.mcu.externaltools.arm-none.linux64_1.17.0.201812190825/tools/compiler/bin/../lib/gcc/arm-none-eabi/7.3.1/../../../../arm-none-eabi/lib/thumb/v6-m/libc_nano.a(lib_a-init.o)
 .ARM.attributes
                0x0000000000000665       0x2c /home/proxima/Ac6/SystemWorkbench/plugins/fr.ac6.mcu.externaltools.arm-none.linux64_1.17.0.201812190825/tools/compiler/bin/../lib/gcc/arm-none-eabi/7.3.1/../../../../arm-none-eabi/lib/thumb/v6-m/libc_nano.a(lib_a-memcpy-stub.o)
 .ARM.attributes
                0x0000000000000691       0x2c /home/proxima/Ac6/SystemWorkbench/plugins/fr.ac6.mcu.externaltools.arm-none.linux64_1.17.0.201812190825/tools/compiler/bin/../lib/gcc/arm-none-eabi/7.3.1/../../../../arm-none-eabi/lib/thumb/v6-m/libc_nano.a(lib_a-memset.o)
 .ARM.attributes
                0x00000000000006bd       0x2c /home/proxima/Ac6/SystemWorkbench/plugins/fr.ac6.mcu.externaltools.arm-none.linux64_1.17.0.201812190825/tools/compiler/bin/../lib/gcc/arm-none-eabi/7.3.1/../../../../arm-none-eabi/lib/thumb/v6-m/libc_nano.a(lib_a-nano-vfprintf_float.o)
 .ARM.attributes
                0x00000000000006e9       0x2c /home/proxima/Ac6/SystemWorkbench/plugins/fr.ac6.mcu.externaltools.arm-none.linux64_1.17.0.201812190825/tools/compiler/bin/../lib/gcc/arm-none-eabi/7.3.1/../../../../arm-none-eabi/lib/thumb/v6-m/libc_nano.a(lib_a-nano-vfprintf_i.o)
 .ARM.attributes
                0x0000000000000715       0x2c /home/proxima/Ac6/SystemWorkbench/plugins/fr.ac6.mcu.externaltools.arm-none.linux64_1.17.0.201812190825/tools/compiler/bin/../lib/gcc/arm-none-eabi/7.3.1/../../../../arm-none-eabi/lib/thumb/v6-m/libc_nano.a(lib_a-sprintf.o)
 .ARM.attributes
                0x0000000000000741       0x1c /home/proxima/Ac6/SystemWorkbench/plugins/fr.ac6.mcu.externaltools.arm-none.linux64_1.17.0.201812190825/tools/compiler/bin/../lib/gcc/arm-none-eabi/7.3.1/../../../../arm-none-eabi/lib/thumb/v6-m/libc_nano.a(lib_a-strlen.o)
 .ARM.attributes
                0x000000000000075d       0x2c /home/proxima/Ac6/SystemWorkbench/plugins/fr.ac6.mcu.externaltools.arm-none.linux64_1.17.0.201812190825/tools/compiler/bin/../lib/gcc/arm-none-eabi/7.3.1/../../../../arm-none-eabi/lib/thumb/v6-m/libc_nano.a(lib_a-dtoa.o)
 .ARM.attributes
                0x0000000000000789       0x2c /home/proxima/Ac6/SystemWorkbench/plugins/fr.ac6.mcu.externaltools.arm-none.linux64_1.17.0.201812190825/tools/compiler/bin/../lib/gcc/arm-none-eabi/7.3.1/../../../../arm-none-eabi/lib/thumb/v6-m/libc_nano.a(lib_a-localeconv.o)
 .ARM.attributes
                0x00000000000007b5       0x2c /home/proxima/Ac6/SystemWorkbench/plugins/fr.ac6.mcu.externaltools.arm-none.linux64_1.17.0.201812190825/tools/compiler/bin/../lib/gcc/arm-none-eabi/7.3.1/../../../../arm-none-eabi/lib/thumb/v6-m/libc_nano.a(lib_a-malloc.o)
 .ARM.attributes
                0x00000000000007e1       0x2c /home/proxima/Ac6/SystemWorkbench/plugins/fr.ac6.mcu.externaltools.arm-none.linux64_1.17.0.201812190825/tools/compiler/bin/../lib/gcc/arm-none-eabi/7.3.1/../../../../arm-none-eabi/lib/thumb/v6-m/libc_nano.a(lib_a-memchr-stub.o)
 .ARM.attributes
                0x000000000000080d       0x2c /home/proxima/Ac6/SystemWorkbench/plugins/fr.ac6.mcu.externaltools.arm-none.linux64_1.17.0.201812190825/tools/compiler/bin/../lib/gcc/arm-none-eabi/7.3.1/../../../../arm-none-eabi/lib/thumb/v6-m/libc_nano.a(lib_a-mprec.o)
 .ARM.attributes
                0x0000000000000839       0x2c /home/proxima/Ac6/SystemWorkbench/plugins/fr.ac6.mcu.externaltools.arm-none.linux64_1.17.0.201812190825/tools/compiler/bin/../lib/gcc/arm-none-eabi/7.3.1/../../../../arm-none-eabi/lib/thumb/v6-m/libc_nano.a(lib_a-nano-callocr.o)
 .ARM.attributes
                0x0000000000000865       0x2c /home/proxima/Ac6/SystemWorkbench/plugins/fr.ac6.mcu.externaltools.arm-none.linux64_1.17.0.201812190825/tools/compiler/bin/../lib/gcc/arm-none-eabi/7.3.1/../../../../arm-none-eabi/lib/thumb/v6-m/libc_nano.a(lib_a-nano-freer.o)
 .ARM.attributes
                0x0000000000000891       0x2c /home/proxima/Ac6/SystemWorkbench/plugins/fr.ac6.mcu.externaltools.arm-none.linux64_1.17.0.201812190825/tools/compiler/bin/../lib/gcc/arm-none-eabi/7.3.1/../../../../arm-none-eabi/lib/thumb/v6-m/libc_nano.a(lib_a-nano-mallocr.o)
 .ARM.attributes
                0x00000000000008bd       0x2c /home/proxima/Ac6/SystemWorkbench/plugins/fr.ac6.mcu.externaltools.arm-none.linux64_1.17.0.201812190825/tools/compiler/bin/../lib/gcc/arm-none-eabi/7.3.1/../../../../arm-none-eabi/lib/thumb/v6-m/libc_nano.a(lib_a-nano-svfprintf.o)
 .ARM.attributes
                0x00000000000008e9       0x2c /home/proxima/Ac6/SystemWorkbench/plugins/fr.ac6.mcu.externaltools.arm-none.linux64_1.17.0.201812190825/tools/compiler/bin/../lib/gcc/arm-none-eabi/7.3.1/../../../../arm-none-eabi/lib/thumb/v6-m/libc_nano.a(lib_a-sbrkr.o)
 .ARM.attributes
                0x0000000000000915       0x2c /home/proxima/Ac6/SystemWorkbench/plugins/fr.ac6.mcu.externaltools.arm-none.linux64_1.17.0.201812190825/tools/compiler/bin/../lib/gcc/arm-none-eabi/7.3.1/../../../../arm-none-eabi/lib/thumb/v6-m/libc_nano.a(lib_a-locale.o)
 .ARM.attributes
                0x0000000000000941       0x2c /home/proxima/Ac6/SystemWorkbench/plugins/fr.ac6.mcu.externaltools.arm-none.linux64_1.17.0.201812190825/tools/compiler/bin/../lib/gcc/arm-none-eabi/7.3.1/../../../../arm-none-eabi/lib/thumb/v6-m/libc_nano.a(lib_a-mbtowc_r.o)
 .ARM.attributes
                0x000000000000096d       0x2c /home/proxima/Ac6/SystemWorkbench/plugins/fr.ac6.mcu.externaltools.arm-none.linux64_1.17.0.201812190825/tools/compiler/bin/../lib/gcc/arm-none-eabi/7.3.1/../../../../arm-none-eabi/lib/thumb/v6-m/libc_nano.a(lib_a-memmove.o)
 .ARM.attributes
                0x0000000000000999       0x2c /home/proxima/Ac6/SystemWorkbench/plugins/fr.ac6.mcu.externaltools.arm-none.linux64_1.17.0.201812190825/tools/compiler/bin/../lib/gcc/arm-none-eabi/7.3.1/../../../../arm-none-eabi/lib/thumb/v6-m/libc_nano.a(lib_a-mlock.o)
 .ARM.attributes
                0x00000000000009c5       0x2c /home/proxima/Ac6/SystemWorkbench/plugins/fr.ac6.mcu.externaltools.arm-none.linux64_1.17.0.201812190825/tools/compiler/bin/../lib/gcc/arm-none-eabi/7.3.1/../../../../arm-none-eabi/lib/thumb/v6-m/libc_nano.a(lib_a-nano-reallocr.o)
 .ARM.attributes
                0x00000000000009f1       0x2c /home/proxima/Ac6/SystemWorkbench/plugins/fr.ac6.mcu.externaltools.arm-none.linux64_1.17.0.201812190825/tools/compiler/bin/../lib/gcc/arm-none-eabi/7.3.1/../../../../arm-none-eabi/lib/thumb/v6-m/libc_nano.a(lib_a-reent.o)
 .ARM.attributes
                0x0000000000000a1d       0x2c /home/proxima/Ac6/SystemWorkbench/plugins/fr.ac6.mcu.externaltools.arm-none.linux64_1.17.0.201812190825/tools/compiler/bin/../lib/gcc/arm-none-eabi/7.3.1/../../../../arm-none-eabi/lib/thumb/v6-m/libc_nano.a(lib_a-wctomb_r.o)
 .ARM.attributes
                0x0000000000000a49       0x2c /home/proxima/Ac6/SystemWorkbench/plugins/fr.ac6.mcu.externaltools.arm-none.linux64_1.17.0.201812190825/tools/compiler/bin/../lib/gcc/arm-none-eabi/7.3.1/../../../../arm-none-eabi/lib/thumb/v6-m/libc_nano.a(lib_a-ctype_.o)
 .ARM.attributes
                0x0000000000000a75       0x2c /home/proxima/Ac6/SystemWorkbench/plugins/fr.ac6.mcu.externaltools.arm-none.linux64_1.17.0.201812190825/tools/compiler/bin/../lib/gcc/arm-none-eabi/7.3.1/../../../../arm-none-eabi/lib/thumb/v6-m/libc_nano.a(lib_a-nano-msizer.o)
 .ARM.attributes
                0x0000000000000aa1       0x1e /home/proxima/Ac6/SystemWorkbench/plugins/fr.ac6.mcu.externaltools.arm-none.linux64_1.17.0.201812190825/tools/compiler/bin/../lib/gcc/arm-none-eabi/7.3.1/thumb/v6-m/libgcc.a(_thumb1_case_uqi.o)
 .ARM.attributes
                0x0000000000000abf       0x1e /home/proxima/Ac6/SystemWorkbench/plugins/fr.ac6.mcu.externaltools.arm-none.linux64_1.17.0.201812190825/tools/compiler/bin/../lib/gcc/arm-none-eabi/7.3.1/thumb/v6-m/libgcc.a(_divsi3.o)
 .ARM.attributes
                0x0000000000000add       0x1e /home/proxima/Ac6/SystemWorkbench/plugins/fr.ac6.mcu.externaltools.arm-none.linux64_1.17.0.201812190825/tools/compiler/bin/../lib/gcc/arm-none-eabi/7.3.1/thumb/v6-m/libgcc.a(_arm_cmpdf2.o)
 .ARM.attributes
                0x0000000000000afb       0x2c /home/proxima/Ac6/SystemWorkbench/plugins/fr.ac6.mcu.externaltools.arm-none.linux64_1.17.0.201812190825/tools/compiler/bin/../lib/gcc/arm-none-eabi/7.3.1/thumb/v6-m/libgcc.a(adddf3.o)
 .ARM.attributes
                0x0000000000000b27       0x2c /home/proxima/Ac6/SystemWorkbench/plugins/fr.ac6.mcu.externaltools.arm-none.linux64_1.17.0.201812190825/tools/compiler/bin/../lib/gcc/arm-none-eabi/7.3.1/thumb/v6-m/libgcc.a(divdf3.o)
 .ARM.attributes
                0x0000000000000b53       0x2c /home/proxima/Ac6/SystemWorkbench/plugins/fr.ac6.mcu.externaltools.arm-none.linux64_1.17.0.201812190825/tools/compiler/bin/../lib/gcc/arm-none-eabi/7.3.1/thumb/v6-m/libgcc.a(eqdf2.o)
 .ARM.attributes
                0x0000000000000b7f       0x2c /home/proxima/Ac6/SystemWorkbench/plugins/fr.ac6.mcu.externaltools.arm-none.linux64_1.17.0.201812190825/tools/compiler/bin/../lib/gcc/arm-none-eabi/7.3.1/thumb/v6-m/libgcc.a(gedf2.o)
 .ARM.attributes
                0x0000000000000bab       0x2c /home/proxima/Ac6/SystemWorkbench/plugins/fr.ac6.mcu.externaltools.arm-none.linux64_1.17.0.201812190825/tools/compiler/bin/../lib/gcc/arm-none-eabi/7.3.1/thumb/v6-m/libgcc.a(ledf2.o)
 .ARM.attributes
                0x0000000000000bd7       0x2c /home/proxima/Ac6/SystemWorkbench/plugins/fr.ac6.mcu.externaltools.arm-none.linux64_1.17.0.201812190825/tools/compiler/bin/../lib/gcc/arm-none-eabi/7.3.1/thumb/v6-m/libgcc.a(muldf3.o)
 .ARM.attributes
                0x0000000000000c03       0x2c /home/proxima/Ac6/SystemWorkbench/plugins/fr.ac6.mcu.externaltools.arm-none.linux64_1.17.0.201812190825/tools/compiler/bin/../lib/gcc/arm-none-eabi/7.3.1/thumb/v6-m/libgcc.a(subdf3.o)
 .ARM.attributes
                0x0000000000000c2f       0x2c /home/proxima/Ac6/SystemWorkbench/plugins/fr.ac6.mcu.externaltools.arm-none.linux64_1.17.0.201812190825/tools/compiler/bin/../lib/gcc/arm-none-eabi/7.3.1/thumb/v6-m/libgcc.a(unorddf2.o)
 .ARM.attributes
                0x0000000000000c5b       0x2c /home/proxima/Ac6/SystemWorkbench/plugins/fr.ac6.mcu.externaltools.arm-none.linux64_1.17.0.201812190825/tools/compiler/bin/../lib/gcc/arm-none-eabi/7.3.1/thumb/v6-m/libgcc.a(fixdfsi.o)
 .ARM.attributes
                0x0000000000000c87       0x2c /home/proxima/Ac6/SystemWorkbench/plugins/fr.ac6.mcu.externaltools.arm-none.linux64_1.17.0.201812190825/tools/compiler/bin/../lib/gcc/arm-none-eabi/7.3.1/thumb/v6-m/libgcc.a(floatsidf.o)
 .ARM.attributes
                0x0000000000000cb3       0x2c /home/proxima/Ac6/SystemWorkbench/plugins/fr.ac6.mcu.externaltools.arm-none.linux64_1.17.0.201812190825/tools/compiler/bin/../lib/gcc/arm-none-eabi/7.3.1/thumb/v6-m/libgcc.a(floatunsidf.o)
 .ARM.attributes
                0x0000000000000cdf       0x2c /home/proxima/Ac6/SystemWorkbench/plugins/fr.ac6.mcu.externaltools.arm-none.linux64_1.17.0.201812190825/tools/compiler/bin/../lib/gcc/arm-none-eabi/7.3.1/../../../../arm-none-eabi/lib/thumb/v6-m/libnosys.a(sbrk.o)
 .ARM.attributes
                0x0000000000000d0b       0x1e /home/proxima/Ac6/SystemWorkbench/plugins/fr.ac6.mcu.externaltools.arm-none.linux64_1.17.0.201812190825/tools/compiler/bin/../lib/gcc/arm-none-eabi/7.3.1/thumb/v6-m/crtn.o
OUTPUT(RovController.elf elf32-littlearm)

.debug_info     0x0000000000000000    0x14f92
 .debug_info    0x0000000000000000      0xe79 Drivers/STM32F0xx_HAL_Driver/Src/stm32f0xx_hal.o
 .debug_info    0x0000000000000e79      0xfdd Drivers/STM32F0xx_HAL_Driver/Src/stm32f0xx_hal_cortex.o
 .debug_info    0x0000000000001e56      0xe6b Drivers/STM32F0xx_HAL_Driver/Src/stm32f0xx_hal_gpio.o
 .debug_info    0x0000000000002cc1     0x1186 Drivers/STM32F0xx_HAL_Driver/Src/stm32f0xx_hal_rcc.o
 .debug_info    0x0000000000003e47      0xee0 Drivers/STM32F0xx_HAL_Driver/Src/stm32f0xx_hal_rcc_ex.o
 .debug_info    0x0000000000004d27     0x2094 Drivers/STM32F0xx_HAL_Driver/Src/stm32f0xx_hal_uart.o
 .debug_info    0x0000000000006dbb      0xf47 Drivers/STM32F0xx_HAL_Driver/Src/stm32f0xx_ll_adc.o
 .debug_info    0x0000000000007d02      0xf22 Drivers/STM32F0xx_HAL_Driver/Src/stm32f0xx_ll_gpio.o
 .debug_info    0x0000000000008c24     0x1911 Drivers/STM32F0xx_HAL_Driver/Src/stm32f0xx_ll_tim.o
 .debug_info    0x000000000000a535     0x1258 Drivers/STM32F0xx_HAL_Driver/Src/stm32f0xx_ll_utils.o
 .debug_info    0x000000000000b78d      0x55f Src/frame_parser.o
 .debug_info    0x000000000000bcec     0x109b Src/inputs.o
 .debug_info    0x000000000000cd87     0x1780 Src/lcd.o
 .debug_info    0x000000000000e507     0x3099 Src/main.o
 .debug_info    0x00000000000115a0     0x1158 Src/rs485.o
 .debug_info    0x00000000000126f8     0x1245 Src/stm32f0xx_hal_msp.o
 .debug_info    0x000000000001393d      0xbbf Src/stm32f0xx_it.o
 .debug_info    0x00000000000144fc      0xa74 Src/system_stm32f0xx.o
 .debug_info    0x0000000000014f70       0x22 startup/startup_stm32f042x6.o

.debug_abbrev   0x0000000000000000     0x33d4
 .debug_abbrev  0x0000000000000000      0x2f6 Drivers/STM32F0xx_HAL_Driver/Src/stm32f0xx_hal.o
 .debug_abbrev  0x00000000000002f6      0x328 Drivers/STM32F0xx_HAL_Driver/Src/stm32f0xx_hal_cortex.o
 .debug_abbrev  0x000000000000061e      0x2a7 Drivers/STM32F0xx_HAL_Driver/Src/stm32f0xx_hal_gpio.o
 .debug_abbrev  0x00000000000008c5      0x2ea Drivers/STM32F0xx_HAL_Driver/Src/stm32f0xx_hal_rcc.o
 .debug_abbrev  0x0000000000000baf      0x2d9 Drivers/STM32F0xx_HAL_Driver/Src/stm32f0xx_hal_rcc_ex.o
 .debug_abbrev  0x0000000000000e88      0x2cb Drivers/STM32F0xx_HAL_Driver/Src/stm32f0xx_hal_uart.o
 .debug_abbrev  0x0000000000001153      0x2e6 Drivers/STM32F0xx_HAL_Driver/Src/stm32f0xx_ll_adc.o
 .debug_abbrev  0x0000000000001439      0x29a Drivers/STM32F0xx_HAL_Driver/Src/stm32f0xx_ll_gpio.o
 .debug_abbrev  0x00000000000016d3      0x31c Drivers/STM32F0xx_HAL_Driver/Src/stm32f0xx_ll_tim.o
 .debug_abbrev  0x00000000000019ef      0x370 Drivers/STM32F0xx_HAL_Driver/Src/stm32f0xx_ll_utils.o
 .debug_abbrev  0x0000000000001d5f      0x1e3 Src/frame_parser.o
 .debug_abbrev  0x0000000000001f42      0x318 Src/inputs.o
 .debug_abbrev  0x000000000000225a      0x3c1 Src/lcd.o
 .debug_abbrev  0x000000000000261b      0x450 Src/main.o
 .debug_abbrev  0x0000000000002a6b      0x28e Src/rs485.o
 .debug_abbrev  0x0000000000002cf9      0x265 Src/stm32f0xx_hal_msp.o
 .debug_abbrev  0x0000000000002f5e      0x25f Src/stm32f0xx_it.o
 .debug_abbrev  0x00000000000031bd      0x205 Src/system_stm32f0xx.o
 .debug_abbrev  0x00000000000033c2       0x12 startup/startup_stm32f042x6.o

.debug_loc      0x0000000000000000     0x5f39
 .debug_loc     0x0000000000000000       0x7c Drivers/STM32F0xx_HAL_Driver/Src/stm32f0xx_hal.o
 .debug_loc     0x000000000000007c      0x393 Drivers/STM32F0xx_HAL_Driver/Src/stm32f0xx_hal_cortex.o
 .debug_loc     0x000000000000040f      0x30a Drivers/STM32F0xx_HAL_Driver/Src/stm32f0xx_hal_gpio.o
 .debug_loc     0x0000000000000719      0x4d1 Drivers/STM32F0xx_HAL_Driver/Src/stm32f0xx_hal_rcc.o
 .debug_loc     0x0000000000000bea      0x709 Drivers/STM32F0xx_HAL_Driver/Src/stm32f0xx_hal_rcc_ex.o
 .debug_loc     0x00000000000012f3     0x1713 Drivers/STM32F0xx_HAL_Driver/Src/stm32f0xx_hal_uart.o
 .debug_loc     0x0000000000002a06      0x2b6 Drivers/STM32F0xx_HAL_Driver/Src/stm32f0xx_ll_adc.o
 .debug_loc     0x0000000000002cbc      0x35c Drivers/STM32F0xx_HAL_Driver/Src/stm32f0xx_ll_gpio.o
 .debug_loc     0x0000000000003018      0xe95 Drivers/STM32F0xx_HAL_Driver/Src/stm32f0xx_ll_tim.o
 .debug_loc     0x0000000000003ead      0x6fe Drivers/STM32F0xx_HAL_Driver/Src/stm32f0xx_ll_utils.o
 .debug_loc     0x00000000000045ab      0x513 Src/frame_parser.o
 .debug_loc     0x0000000000004abe      0x443 Src/inputs.o
 .debug_loc     0x0000000000004f01      0x46c Src/lcd.o
 .debug_loc     0x000000000000536d      0x848 Src/main.o
 .debug_loc     0x0000000000005bb5      0x13f Src/rs485.o
 .debug_loc     0x0000000000005cf4       0x8a Src/stm32f0xx_hal_msp.o
 .debug_loc     0x0000000000005d7e       0x90 Src/stm32f0xx_it.o
 .debug_loc     0x0000000000005e0e      0x12b Src/system_stm32f0xx.o

.debug_aranges  0x0000000000000000      0x900
 .debug_aranges
                0x0000000000000000       0xb8 Drivers/STM32F0xx_HAL_Driver/Src/stm32f0xx_hal.o
 .debug_aranges
                0x00000000000000b8       0x78 Drivers/STM32F0xx_HAL_Driver/Src/stm32f0xx_hal_cortex.o
 .debug_aranges
                0x0000000000000130       0x58 Drivers/STM32F0xx_HAL_Driver/Src/stm32f0xx_hal_gpio.o
 .debug_aranges
                0x0000000000000188       0x80 Drivers/STM32F0xx_HAL_Driver/Src/stm32f0xx_hal_rcc.o
 .debug_aranges
                0x0000000000000208       0x78 Drivers/STM32F0xx_HAL_Driver/Src/stm32f0xx_hal_rcc_ex.o
 .debug_aranges
                0x0000000000000280      0x1d8 Drivers/STM32F0xx_HAL_Driver/Src/stm32f0xx_hal_uart.o
 .debug_aranges
                0x0000000000000458       0x48 Drivers/STM32F0xx_HAL_Driver/Src/stm32f0xx_ll_adc.o
 .debug_aranges
                0x00000000000004a0       0x30 Drivers/STM32F0xx_HAL_Driver/Src/stm32f0xx_ll_gpio.o
 .debug_aranges
                0x00000000000004d0       0xc0 Drivers/STM32F0xx_HAL_Driver/Src/stm32f0xx_ll_tim.o
 .debug_aranges
                0x0000000000000590       0x68 Drivers/STM32F0xx_HAL_Driver/Src/stm32f0xx_ll_utils.o
 .debug_aranges
                0x00000000000005f8       0x48 Src/frame_parser.o
 .debug_aranges
                0x0000000000000640       0x48 Src/inputs.o
 .debug_aranges
                0x0000000000000688       0xf0 Src/lcd.o
 .debug_aranges
                0x0000000000000778       0x80 Src/main.o
 .debug_aranges
                0x00000000000007f8       0x38 Src/rs485.o
 .debug_aranges
                0x0000000000000830       0x30 Src/stm32f0xx_hal_msp.o
 .debug_aranges
                0x0000000000000860       0x50 Src/stm32f0xx_it.o
 .debug_aranges
                0x00000000000008b0       0x28 Src/system_stm32f0xx.o
 .debug_aranges
                0x00000000000008d8       0x28 startup/startup_stm32f042x6.o

.debug_ranges   0x0000000000000000      0x8f8
 .debug_ranges  0x0000000000000000       0xa8 Drivers/STM32F0xx_HAL_Driver/Src/stm32f0xx_hal.o
 .debug_ranges  0x00000000000000a8       0xb0 Drivers/STM32F0xx_HAL_Driver/Src/stm32f0xx_hal_cortex.o
 .debug_ranges  0x0000000000000158       0x48 Drivers/STM32F0xx_HAL_Driver/Src/stm32f0xx_hal_gpio.o
 .debug_ranges  0x00000000000001a0       0x88 Drivers/STM32F0xx_HAL_Driver/Src/stm32f0xx_hal_rcc.o
 .debug_ranges  0x0000000000000228       0x80 Drivers/STM32F0xx_HAL_Driver/Src/stm32f0xx_hal_rcc_ex.o
 .debug_ranges  0x00000000000002a8      0x1c8 Drivers/STM32F0xx_HAL_Driver/Src/stm32f0xx_hal_uart.o
 .debug_ranges  0x0000000000000470       0x38 Drivers/STM32F0xx_HAL_Driver/Src/stm32f0xx_ll_adc.o
 .debug_ranges  0x00000000000004a8       0x20 Drivers/STM32F0xx_HAL_Driver/Src/stm32f0xx_ll_gpio.o
 .debug_ranges  0x00000000000004c8       0xb0 Drivers/STM32F0xx_HAL_Driver/Src/stm32f0xx_ll_tim.o
 .debug_ranges  0x0000000000000578       0x58 Drivers/STM32F0xx_HAL_Driver/Src/stm32f0xx_ll_utils.o
 .debug_ranges  0x00000000000005d0       0xc8 Src/frame_parser.o
 .debug_ranges  0x0000000000000698       0x38 Src/inputs.o
 .debug_ranges  0x00000000000006d0       0xe0 Src/lcd.o
 .debug_ranges  0x00000000000007b0       0x88 Src/main.o
 .debug_ranges  0x0000000000000838       0x28 Src/rs485.o
 .debug_ranges  0x0000000000000860       0x20 Src/stm32f0xx_hal_msp.o
 .debug_ranges  0x0000000000000880       0x40 Src/stm32f0xx_it.o
 .debug_ranges  0x00000000000008c0       0x18 Src/system_stm32f0xx.o
 .debug_ranges  0x00000000000008d8       0x20 startup/startup_stm32f042x6.o

.debug_macro    0x0000000000000000    0x190d8
 .debug_macro   0x0000000000000000      0x316 Drivers/STM32F0xx_HAL_Driver/Src/stm32f0xx_hal.o
 .debug_macro   0x0000000000000316      0xa54 Drivers/STM32F0xx_HAL_Driver/Src/stm32f0xx_hal.o
 .debug_macro   0x0000000000000d6a       0xab Drivers/STM32F0xx_HAL_Driver/Src/stm32f0xx_hal.o
 .debug_macro   0x0000000000000e15       0x2e Drivers/STM32F0xx_HAL_Driver/Src/stm32f0xx_hal.o
 .debug_macro   0x0000000000000e43       0x22 Drivers/STM32F0xx_HAL_Driver/Src/stm32f0xx_hal.o
 .debug_macro   0x0000000000000e65       0x22 Drivers/STM32F0xx_HAL_Driver/Src/stm32f0xx_hal.o
 .debug_macro   0x0000000000000e87       0x8e Drivers/STM32F0xx_HAL_Driver/Src/stm32f0xx_hal.o
 .debug_macro   0x0000000000000f15       0x51 Drivers/STM32F0xx_HAL_Driver/Src/stm32f0xx_hal.o
 .debug_macro   0x0000000000000f66       0xef Drivers/STM32F0xx_HAL_Driver/Src/stm32f0xx_hal.o
 .debug_macro   0x0000000000001055       0x6a Drivers/STM32F0xx_HAL_Driver/Src/stm32f0xx_hal.o
 .debug_macro   0x00000000000010bf      0x1df Drivers/STM32F0xx_HAL_Driver/Src/stm32f0xx_hal.o
 .debug_macro   0x000000000000129e       0x34 Drivers/STM32F0xx_HAL_Driver/Src/stm32f0xx_hal.o
 .debug_macro   0x00000000000012d2       0x26 Drivers/STM32F0xx_HAL_Driver/Src/stm32f0xx_hal.o
 .debug_macro   0x00000000000012f8      0x30d Drivers/STM32F0xx_HAL_Driver/Src/stm32f0xx_hal.o
 .debug_macro   0x0000000000001605     0xf1ed Drivers/STM32F0xx_HAL_Driver/Src/stm32f0xx_hal.o
 .debug_macro   0x00000000000107f2       0x3c Drivers/STM32F0xx_HAL_Driver/Src/stm32f0xx_hal.o
 .debug_macro   0x000000000001082e       0x5e Drivers/STM32F0xx_HAL_Driver/Src/stm32f0xx_hal.o
 .debug_macro   0x000000000001088c       0x18 Drivers/STM32F0xx_HAL_Driver/Src/stm32f0xx_hal.o
 .debug_macro   0x00000000000108a4       0x35 Drivers/STM32F0xx_HAL_Driver/Src/stm32f0xx_hal.o
 .debug_macro   0x00000000000108d9       0x34 Drivers/STM32F0xx_HAL_Driver/Src/stm32f0xx_hal.o
 .debug_macro   0x000000000001090d       0x16 Drivers/STM32F0xx_HAL_Driver/Src/stm32f0xx_hal.o
 .debug_macro   0x0000000000010923       0x97 Drivers/STM32F0xx_HAL_Driver/Src/stm32f0xx_hal.o
 .debug_macro   0x00000000000109ba      0x330 Drivers/STM32F0xx_HAL_Driver/Src/stm32f0xx_hal.o
 .debug_macro   0x0000000000010cea       0xfd Drivers/STM32F0xx_HAL_Driver/Src/stm32f0xx_hal.o
 .debug_macro   0x0000000000010de7       0x10 Drivers/STM32F0xx_HAL_Driver/Src/stm32f0xx_hal.o
 .debug_macro   0x0000000000010df7       0x58 Drivers/STM32F0xx_HAL_Driver/Src/stm32f0xx_hal.o
 .debug_macro   0x0000000000010e4f       0x1f Drivers/STM32F0xx_HAL_Driver/Src/stm32f0xx_hal.o
 .debug_macro   0x0000000000010e6e       0x43 Drivers/STM32F0xx_HAL_Driver/Src/stm32f0xx_hal.o
 .debug_macro   0x0000000000010eb1       0x20 Drivers/STM32F0xx_HAL_Driver/Src/stm32f0xx_hal.o
 .debug_macro   0x0000000000010ed1      0x18e Drivers/STM32F0xx_HAL_Driver/Src/stm32f0xx_hal.o
 .debug_macro   0x000000000001105f       0x10 Drivers/STM32F0xx_HAL_Driver/Src/stm32f0xx_hal.o
 .debug_macro   0x000000000001106f       0x1c Drivers/STM32F0xx_HAL_Driver/Src/stm32f0xx_hal.o
 .debug_macro   0x000000000001108b       0x52 Drivers/STM32F0xx_HAL_Driver/Src/stm32f0xx_hal.o
 .debug_macro   0x00000000000110dd       0x40 Drivers/STM32F0xx_HAL_Driver/Src/stm32f0xx_hal.o
 .debug_macro   0x000000000001111d       0x10 Drivers/STM32F0xx_HAL_Driver/Src/stm32f0xx_hal.o
 .debug_macro   0x000000000001112d       0x40 Drivers/STM32F0xx_HAL_Driver/Src/stm32f0xx_hal.o
 .debug_macro   0x000000000001116d       0xd7 Drivers/STM32F0xx_HAL_Driver/Src/stm32f0xx_hal.o
 .debug_macro   0x0000000000011244       0x1c Drivers/STM32F0xx_HAL_Driver/Src/stm32f0xx_hal.o
 .debug_macro   0x0000000000011260       0x3d Drivers/STM32F0xx_HAL_Driver/Src/stm32f0xx_hal.o
 .debug_macro   0x000000000001129d       0x16 Drivers/STM32F0xx_HAL_Driver/Src/stm32f0xx_hal.o
 .debug_macro   0x00000000000112b3      0x16f Drivers/STM32F0xx_HAL_Driver/Src/stm32f0xx_hal.o
 .debug_macro   0x0000000000011422       0x49 Drivers/STM32F0xx_HAL_Driver/Src/stm32f0xx_hal.o
 .debug_macro   0x000000000001146b      0x951 Drivers/STM32F0xx_HAL_Driver/Src/stm32f0xx_hal.o
 .debug_macro   0x0000000000011dbc      0x46b Drivers/STM32F0xx_HAL_Driver/Src/stm32f0xx_hal.o
 .debug_macro   0x0000000000012227      0x13a Drivers/STM32F0xx_HAL_Driver/Src/stm32f0xx_hal.o
 .debug_macro   0x0000000000012361      0x130 Drivers/STM32F0xx_HAL_Driver/Src/stm32f0xx_hal.o
 .debug_macro   0x0000000000012491      0x1ed Drivers/STM32F0xx_HAL_Driver/Src/stm32f0xx_hal.o
 .debug_macro   0x000000000001267e       0x34 Drivers/STM32F0xx_HAL_Driver/Src/stm32f0xx_hal.o
 .debug_macro   0x00000000000126b2       0x43 Drivers/STM32F0xx_HAL_Driver/Src/stm32f0xx_hal.o
 .debug_macro   0x00000000000126f5       0x28 Drivers/STM32F0xx_HAL_Driver/Src/stm32f0xx_hal.o
 .debug_macro   0x000000000001271d       0xb6 Drivers/STM32F0xx_HAL_Driver/Src/stm32f0xx_hal.o
 .debug_macro   0x00000000000127d3      0x182 Drivers/STM32F0xx_HAL_Driver/Src/stm32f0xx_hal.o
 .debug_macro   0x0000000000012955      0x202 Drivers/STM32F0xx_HAL_Driver/Src/stm32f0xx_hal.o
 .debug_macro   0x0000000000012b57       0x61 Drivers/STM32F0xx_HAL_Driver/Src/stm32f0xx_hal.o
 .debug_macro   0x0000000000012bb8       0x90 Drivers/STM32F0xx_HAL_Driver/Src/stm32f0xx_hal.o
 .debug_macro   0x0000000000012c48       0x4d Drivers/STM32F0xx_HAL_Driver/Src/stm32f0xx_hal.o
 .debug_macro   0x0000000000012c95      0x161 Drivers/STM32F0xx_HAL_Driver/Src/stm32f0xx_hal.o
 .debug_macro   0x0000000000012df6      0x38a Drivers/STM32F0xx_HAL_Driver/Src/stm32f0xx_hal.o
 .debug_macro   0x0000000000013180      0x209 Drivers/STM32F0xx_HAL_Driver/Src/stm32f0xx_hal.o
 .debug_macro   0x0000000000013389      0x127 Drivers/STM32F0xx_HAL_Driver/Src/stm32f0xx_hal.o
 .debug_macro   0x00000000000134b0      0x2f2 Drivers/STM32F0xx_HAL_Driver/Src/stm32f0xx_hal_cortex.o
 .debug_macro   0x00000000000137a2      0x32a Drivers/STM32F0xx_HAL_Driver/Src/stm32f0xx_hal_gpio.o
 .debug_macro   0x0000000000013acc      0x304 Drivers/STM32F0xx_HAL_Driver/Src/stm32f0xx_hal_rcc.o
 .debug_macro   0x0000000000013dd0      0x304 Drivers/STM32F0xx_HAL_Driver/Src/stm32f0xx_hal_rcc_ex.o
 .debug_macro   0x00000000000140d4      0x2fa Drivers/STM32F0xx_HAL_Driver/Src/stm32f0xx_hal_uart.o
 .debug_macro   0x00000000000143ce      0x35d Drivers/STM32F0xx_HAL_Driver/Src/stm32f0xx_ll_adc.o
 .debug_macro   0x000000000001472b      0x5d7 Drivers/STM32F0xx_HAL_Driver/Src/stm32f0xx_ll_adc.o
 .debug_macro   0x0000000000014d02       0xdd Drivers/STM32F0xx_HAL_Driver/Src/stm32f0xx_ll_adc.o
 .debug_macro   0x0000000000014ddf      0x334 Drivers/STM32F0xx_HAL_Driver/Src/stm32f0xx_ll_gpio.o
 .debug_macro   0x0000000000015113      0x126 Drivers/STM32F0xx_HAL_Driver/Src/stm32f0xx_ll_gpio.o
 .debug_macro   0x0000000000015239      0x382 Drivers/STM32F0xx_HAL_Driver/Src/stm32f0xx_ll_tim.o
 .debug_macro   0x00000000000155bb      0x5c1 Drivers/STM32F0xx_HAL_Driver/Src/stm32f0xx_ll_tim.o
 .debug_macro   0x0000000000015b7c      0x361 Drivers/STM32F0xx_HAL_Driver/Src/stm32f0xx_ll_utils.o
 .debug_macro   0x0000000000015edd       0x2a Drivers/STM32F0xx_HAL_Driver/Src/stm32f0xx_ll_utils.o
 .debug_macro   0x0000000000015f07      0x192 Drivers/STM32F0xx_HAL_Driver/Src/stm32f0xx_ll_utils.o
 .debug_macro   0x0000000000016099       0x6d Src/frame_parser.o
 .debug_macro   0x0000000000016106      0x373 Src/inputs.o
 .debug_macro   0x0000000000016479      0x5dd Src/inputs.o
 .debug_macro   0x0000000000016a56      0x293 Src/inputs.o
 .debug_macro   0x0000000000016ce9      0x5c7 Src/inputs.o
 .debug_macro   0x00000000000172b0      0x12c Src/inputs.o
 .debug_macro   0x00000000000173dc      0x100 Src/inputs.o
 .debug_macro   0x00000000000174dc       0x16 Src/inputs.o
 .debug_macro   0x00000000000174f2      0x3f6 Src/inputs.o
 .debug_macro   0x00000000000178e8       0xd5 Src/inputs.o
 .debug_macro   0x00000000000179bd      0x114 Src/inputs.o
 .debug_macro   0x0000000000017ad1       0x64 Src/inputs.o
 .debug_macro   0x0000000000017b35      0x37c Src/lcd.o
 .debug_macro   0x0000000000017eb1       0x22 Src/lcd.o
 .debug_macro   0x0000000000017ed3       0x88 Src/lcd.o
 .debug_macro   0x0000000000017f5b       0x3a Src/lcd.o
 .debug_macro   0x0000000000017f95      0x3a9 Src/main.o
 .debug_macro   0x000000000001833e       0x6a Src/main.o
 .debug_macro   0x00000000000183a8      0x36c Src/rs485.o
 .debug_macro   0x0000000000018714      0x364 Src/stm32f0xx_hal_msp.o
 .debug_macro   0x0000000000018a78      0x36e Src/stm32f0xx_it.o
 .debug_macro   0x0000000000018de6      0x2f2 Src/system_stm32f0xx.o

.debug_line     0x0000000000000000     0xb180
 .debug_line    0x0000000000000000      0x92d Drivers/STM32F0xx_HAL_Driver/Src/stm32f0xx_hal.o
 .debug_line    0x000000000000092d      0x926 Drivers/STM32F0xx_HAL_Driver/Src/stm32f0xx_hal_cortex.o
 .debug_line    0x0000000000001253      0x901 Drivers/STM32F0xx_HAL_Driver/Src/stm32f0xx_hal_gpio.o
 .debug_line    0x0000000000001b54      0xa79 Drivers/STM32F0xx_HAL_Driver/Src/stm32f0xx_hal_rcc.o
 .debug_line    0x00000000000025cd      0x9fb Drivers/STM32F0xx_HAL_Driver/Src/stm32f0xx_hal_rcc_ex.o
 .debug_line    0x0000000000002fc8     0x11bd Drivers/STM32F0xx_HAL_Driver/Src/stm32f0xx_hal_uart.o
 .debug_line    0x0000000000004185      0x901 Drivers/STM32F0xx_HAL_Driver/Src/stm32f0xx_ll_adc.o
 .debug_line    0x0000000000004a86      0x8ae Drivers/STM32F0xx_HAL_Driver/Src/stm32f0xx_ll_gpio.o
 .debug_line    0x0000000000005334      0xb61 Drivers/STM32F0xx_HAL_Driver/Src/stm32f0xx_ll_tim.o
 .debug_line    0x0000000000005e95      0x9fe Drivers/STM32F0xx_HAL_Driver/Src/stm32f0xx_ll_utils.o
 .debug_line    0x0000000000006893      0x486 Src/frame_parser.o
 .debug_line    0x0000000000006d19      0x97c Src/inputs.o
 .debug_line    0x0000000000007695      0xb6d Src/lcd.o
 .debug_line    0x0000000000008202      0xb97 Src/main.o
 .debug_line    0x0000000000008d99      0x8fb Src/rs485.o
 .debug_line    0x0000000000009694      0x90f Src/stm32f0xx_hal_msp.o
 .debug_line    0x0000000000009fa3      0x95f Src/stm32f0xx_it.o
 .debug_line    0x000000000000a902      0x7e9 Src/system_stm32f0xx.o
 .debug_line    0x000000000000b0eb       0x95 startup/startup_stm32f042x6.o

.debug_str      0x0000000000000000    0x7e4db
 .debug_str     0x0000000000000000    0x6cb10 Drivers/STM32F0xx_HAL_Driver/Src/stm32f0xx_hal.o
                                      0x6d0a6 (size before relaxing)
 .debug_str     0x000000000006cb10      0x1f8 Drivers/STM32F0xx_HAL_Driver/Src/stm32f0xx_hal_cortex.o
                                      0x6cf54 (size before relaxing)
 .debug_str     0x000000000006cd08      0x278 Drivers/STM32F0xx_HAL_Driver/Src/stm32f0xx_hal_gpio.o
                                      0x6ce28 (size before relaxing)
 .debug_str     0x000000000006cf80      0x33c Drivers/STM32F0xx_HAL_Driver/Src/stm32f0xx_hal_rcc.o
                                      0x6cf97 (size before relaxing)
 .debug_str     0x000000000006d2bc      0x394 Drivers/STM32F0xx_HAL_Driver/Src/stm32f0xx_hal_rcc_ex.o
                                      0x6cf9c (size before relaxing)
 .debug_str     0x000000000006d650      0xae3 Drivers/STM32F0xx_HAL_Driver/Src/stm32f0xx_hal_uart.o
                                      0x6d73c (size before relaxing)
 .debug_str     0x000000000006e133     0x50cc Drivers/STM32F0xx_HAL_Driver/Src/stm32f0xx_ll_adc.o
                                      0x71c50 (size before relaxing)
 .debug_str     0x00000000000731ff      0xc2a Drivers/STM32F0xx_HAL_Driver/Src/stm32f0xx_ll_gpio.o
                                      0x6dd7c (size before relaxing)
 .debug_str     0x0000000000073e29     0x42f8 Drivers/STM32F0xx_HAL_Driver/Src/stm32f0xx_ll_tim.o
                                      0x7146e (size before relaxing)
 .debug_str     0x0000000000078121     0x3410 Drivers/STM32F0xx_HAL_Driver/Src/stm32f0xx_ll_utils.o
                                      0x6ffe4 (size before relaxing)
 .debug_str     0x000000000007b531      0x259 Src/frame_parser.o
                                       0x3e52 (size before relaxing)
 .debug_str     0x000000000007b78a     0x22b3 Src/inputs.o